Archive member included to satisfy reference by file (symbol)

app/libapp.a(main.c.obj)      (--whole-archive)
zephyr/libzephyr.a(heap.c.obj)
                              (--whole-archive)
zephyr/libzephyr.a(cbprintf_packaged.c.obj)
                              (--whole-archive)
zephyr/libzephyr.a(printk.c.obj)
                              (--whole-archive)
zephyr/libzephyr.a(sem.c.obj)
                              (--whole-archive)
zephyr/libzephyr.a(thread_entry.c.obj)
                              (--whole-archive)
zephyr/libzephyr.a(cbprintf_complete.c.obj)
                              (--whole-archive)
zephyr/libzephyr.a(assert.c.obj)
                              (--whole-archive)
zephyr/libzephyr.a(dec.c.obj)
                              (--whole-archive)
zephyr/libzephyr.a(hex.c.obj)
                              (--whole-archive)
zephyr/libzephyr.a(rb.c.obj)  (--whole-archive)
zephyr/libzephyr.a(timeutil.c.obj)
                              (--whole-archive)
zephyr/libzephyr.a(bitarray.c.obj)
                              (--whole-archive)
zephyr/libzephyr.a(onoff.c.obj)
                              (--whole-archive)
zephyr/libzephyr.a(notify.c.obj)
                              (--whole-archive)
zephyr/libzephyr.a(configs.c.obj)
                              (--whole-archive)
zephyr/libzephyr.a(mem_attr.c.obj)
                              (--whole-archive)
zephyr/libzephyr.a(tracing_none.c.obj)
                              (--whole-archive)
zephyr/libzephyr.a(banner.c.obj)
                              (--whole-archive)
zephyr/libzephyr.a(flash_map_partition_manager.c.obj)
                              (--whole-archive)
zephyr/libzephyr.a(nrf_cc3xx_platform_abort_zephyr.c.obj)
                              (--whole-archive)
zephyr/libzephyr.a(nrf_cc3xx_platform_mutex_zephyr.c.obj)
                              (--whole-archive)
zephyr/arch/common/libarch__common.a(sw_isr_common.c.obj)
                              (--whole-archive)
zephyr/arch/arch/arm/core/libarch__arm__core.a(fatal.c.obj)
                              (--whole-archive)
zephyr/arch/arch/arm/core/libarch__arm__core.a(nmi.c.obj)
                              (--whole-archive)
zephyr/arch/arch/arm/core/libarch__arm__core.a(nmi_on_reset.S.obj)
                              (--whole-archive)
zephyr/arch/arch/arm/core/libarch__arm__core.a(tls.c.obj)
                              (--whole-archive)
zephyr/arch/arch/arm/core/cortex_m/libarch__arm__core__cortex_m.a(exc_exit.c.obj)
                              (--whole-archive)
zephyr/arch/arch/arm/core/cortex_m/libarch__arm__core__cortex_m.a(fault.c.obj)
                              (--whole-archive)
zephyr/arch/arch/arm/core/cortex_m/libarch__arm__core__cortex_m.a(fault_s.S.obj)
                              (--whole-archive)
zephyr/arch/arch/arm/core/cortex_m/libarch__arm__core__cortex_m.a(fpu.c.obj)
                              (--whole-archive)
zephyr/arch/arch/arm/core/cortex_m/libarch__arm__core__cortex_m.a(reset.S.obj)
                              (--whole-archive)
zephyr/arch/arch/arm/core/cortex_m/libarch__arm__core__cortex_m.a(scb.c.obj)
                              (--whole-archive)
zephyr/arch/arch/arm/core/cortex_m/libarch__arm__core__cortex_m.a(thread_abort.c.obj)
                              (--whole-archive)
zephyr/arch/arch/arm/core/cortex_m/libarch__arm__core__cortex_m.a(vector_table.S.obj)
                              (--whole-archive)
zephyr/arch/arch/arm/core/cortex_m/libarch__arm__core__cortex_m.a(swap.c.obj)
                              (--whole-archive)
zephyr/arch/arch/arm/core/cortex_m/libarch__arm__core__cortex_m.a(swap_helper.S.obj)
                              (--whole-archive)
zephyr/arch/arch/arm/core/cortex_m/libarch__arm__core__cortex_m.a(irq_manage.c.obj)
                              (--whole-archive)
zephyr/arch/arch/arm/core/cortex_m/libarch__arm__core__cortex_m.a(prep_c.c.obj)
                              (--whole-archive)
zephyr/arch/arch/arm/core/cortex_m/libarch__arm__core__cortex_m.a(thread.c.obj)
                              (--whole-archive)
zephyr/arch/arch/arm/core/cortex_m/libarch__arm__core__cortex_m.a(cpu_idle.c.obj)
                              (--whole-archive)
zephyr/arch/arch/arm/core/cortex_m/libarch__arm__core__cortex_m.a(irq_init.c.obj)
                              (--whole-archive)
zephyr/arch/arch/arm/core/cortex_m/libarch__arm__core__cortex_m.a(isr_wrapper.c.obj)
                              (--whole-archive)
zephyr/arch/arch/arm/core/cortex_m/libarch__arm__core__cortex_m.a(__aeabi_read_tp.S.obj)
                              (--whole-archive)
zephyr/arch/arch/arm/core/mpu/libarch__arm__core__mpu.a(arm_core_mpu.c.obj)
                              (--whole-archive)
zephyr/arch/arch/arm/core/mpu/libarch__arm__core__mpu.a(arm_mpu.c.obj)
                              (--whole-archive)
zephyr/arch/arch/arm/core/mpu/libarch__arm__core__mpu.a(arm_mpu_regions.c.obj)
                              (--whole-archive)
[...]
Memory Configuration

Name             Origin             Length             Attributes
FLASH            0x0000000000000000 0x0000000000100000 xr
RAM              0x0000000020000000 0x0000000000040000 xw
IDT_LIST         0x00000000ffff7fff 0x0000000000008000 xw
*default*        0x0000000000000000 0xffffffffffffffff

Linker script and memory map

                0x000000000000449c                vfprintf = __l_vfprintf
                0x0000000000000000                vfscanf = __l_vfscanf
LOAD zephyr/CMakeFiles/zephyr_pre0.dir/misc/empty_file.c.obj
LOAD zephyr/CMakeFiles/offsets.dir/./arch/arm/core/offsets/offsets.c.obj
LOAD app/libapp.a
LOAD zephyr/libzephyr.a
LOAD zephyr/arch/common/libarch__common.a
LOAD zephyr/arch/arch/arm/core/libarch__arm__core.a
LOAD zephyr/arch/arch/arm/core/cortex_m/libarch__arm__core__cortex_m.a
LOAD zephyr/arch/arch/arm/core/mpu/libarch__arm__core__mpu.a
LOAD zephyr/lib/libc/picolibc/liblib__libc__picolibc.a
LOAD zephyr/lib/libc/common/liblib__libc__common.a
LOAD zephyr/soc/soc/nrf52840/libsoc__nordic.a
LOAD zephyr/drivers/clock_control/libdrivers__clock_control.a
LOAD zephyr/drivers/console/libdrivers__console.a
LOAD zephyr/drivers/gpio/libdrivers__gpio.a
LOAD zephyr/drivers/pinctrl/libdrivers__pinctrl.a
LOAD zephyr/drivers/serial/libdrivers__serial.a
LOAD zephyr/drivers/timer/libdrivers__timer.a
LOAD modules/nrf/drivers/hw_cc3xx/lib..__nrf__drivers__hw_cc3xx.a
LOAD modules/hal_nordic/nrfx/libmodules__hal_nordic__nrfx.a
LOAD modules/segger/libmodules__segger.a
LOAD zephyr/kernel/libkernel.a
LOAD /home/ben/ncs/toolchains/e9dba88316/opt/zephyr-sdk/arm-zephyr-eabi/bin/../lib/gcc/arm-zephyr-eabi/12.2.0/thumb/v7e-m/nofp/libgcc.a
LOAD zephyr/arch/common/libisr_tables.a
LOAD /home/ben/ncs/v2.7.0/nrfxlib/crypto/nrf_cc310_platform/lib/cortex-m4/soft-float/no-interrupts/libnrf_cc310_platform_0.9.19.a
LOAD /home/ben/ncs/toolchains/e9dba88316/opt/zephyr-sdk/arm-zephyr-eabi/bin/../lib/gcc/../../picolibc/arm-zephyr-eabi/lib/thumb/v7e-m/nofp/libc.a
LOAD /home/ben/ncs/toolchains/e9dba88316/opt/zephyr-sdk/arm-zephyr-eabi/bin/../lib/gcc/arm-zephyr-eabi/12.2.0/thumb/v7e-m/nofp/libgcc.a
                0x0000000000000020                _region_min_align = 0x20

.rel.plt        0x0000000000000000        0x0
 *(SORT_BY_ALIGNMENT(.rel.plt))
                [!provide]                        PROVIDE (__rel_iplt_start = .)
 *(SORT_BY_ALIGNMENT(.rel.iplt))
 .rel.iplt      0x0000000000000000        0x0 app/libapp.a(main.c.obj)
                [!provide]                        PROVIDE (__rel_iplt_end = .)

.rela.plt       0x0000000000000000        0x0
 *(SORT_BY_ALIGNMENT(.rela.plt))
                [!provide]                        PROVIDE (__rela_iplt_start = .)
 *(SORT_BY_ALIGNMENT(.rela.iplt))
                [!provide]                        PROVIDE (__rela_iplt_end = .)

.rel.dyn
 *(SORT_BY_ALIGNMENT(.rel.*))

.rela.dyn
 *(SORT_BY_ALIGNMENT(.rela.*))

/DISCARD/
 *(SORT_BY_ALIGNMENT(.plt))

/DISCARD/
 *(SORT_BY_ALIGNMENT(.iplt))
                0x0000000000000000                __rom_region_start = 0x0

rom_start       0x0000000000000000      0x100
                0x0000000000000000                __rom_start_address = .
 FILL mask 0x00
                0x0000000000000000                . = (. + (0x0 - (. - __rom_start_address)))
                0x0000000000000000                . = ALIGN (0x4)
                0x0000000000000000                . = ALIGN (0x80)
                0x0000000000000000                . = ALIGN (0x100)
                0x0000000000000000                _vector_start = .
 *(SORT_BY_ALIGNMENT(.exc_vector_table))
 *(SORT_BY_ALIGNMENT(.exc_vector_table.*))
 .exc_vector_table._vector_table_section
                0x0000000000000000       0x40 zephyr/arch/arch/arm/core/cortex_m/libarch__arm__core__cortex_m.a(vector_table.S.obj)
                0x0000000000000000                _vector_table
 *(SORT_BY_ALIGNMENT(.vectors))
                0x0000000000000100                _vector_end = .
                0x0000000000000040                . = ALIGN (0x4)
 *(SORT_BY_ALIGNMENT(.gnu.linkonce.irq_vector_table*))
 .gnu.linkonce.irq_vector_table
                0x0000000000000040       0xc0 zephyr/arch/common/libisr_tables.a(isr_tables.c.obj)
                0x0000000000000040                _irq_vector_table
                0x0000000000000100                _vector_end = .

text            0x0000000000000100     0x5c30
                0x0000000000000100                __text_region_start = .
 *(SORT_BY_ALIGNMENT(.text))
 .text          0x0000000000000100       0x30 /home/ben/ncs/toolchains/e9dba88316/opt/zephyr-sdk/arm-zephyr-eabi/bin/../lib/gcc/arm-zephyr-eabi/12.2.0/thumb/v7e-m/nofp/libgcc.a(_aeabi_uldivmod.o)
                0x0000000000000100                __aeabi_uldivmod
 .text          0x0000000000000130        0x4 /home/ben/ncs/toolchains/e9dba88316/opt/zephyr-sdk/arm-zephyr-eabi/bin/../lib/gcc/arm-zephyr-eabi/12.2.0/thumb/v7e-m/nofp/libgcc.a(_dvmd_tls.o)
                0x0000000000000130                __aeabi_ldiv0
                0x0000000000000130                __aeabi_idiv0
 .text          0x0000000000000134      0x2a0 /home/ben/ncs/toolchains/e9dba88316/opt/zephyr-sdk/arm-zephyr-eabi/bin/../lib/gcc/arm-zephyr-eabi/12.2.0/thumb/v7e-m/nofp/libgcc.a(_udivmoddi4.o)
                0x0000000000000134                __udivmoddi4
 *(SORT_BY_ALIGNMENT(.text.*))
 .text.uart_out
                0x00000000000003d4       0x30 app/libapp.a(main.c.obj)
                0x00000000000003d4                uart_out
 .text.blink_noyield
                0x0000000000000404       0x30 app/libapp.a(main.c.obj)
                0x0000000000000404                blink_noyield
 .text.init     0x0000000000000434      0x118 app/libapp.a(main.c.obj)
                0x0000000000000434                init
 .text.blink    0x000000000000054c       0x6c app/libapp.a(main.c.obj)
                0x000000000000054c                blink
 .text.blink0   0x00000000000005b8       0x10 app/libapp.a(main.c.obj)
                0x00000000000005b8                blink0
 .text.blink_event
                0x00000000000005c8       0x74 app/libapp.a(main.c.obj)
                0x00000000000005c8                blink_event
 .text.char_out
                0x000000000000063c        0xc zephyr/libzephyr.a(printk.c.obj)
 .text.vprintk  0x0000000000000648       0x30 zephyr/libzephyr.a(printk.c.obj)
                0x0000000000000648                vprintk
 .text.__printk_hook_install
                0x0000000000000678        0xc zephyr/libzephyr.a(printk.c.obj)
                0x0000000000000678                __printk_hook_install
 .text.z_thread_entry
                0x0000000000000684       0x34 zephyr/libzephyr.a(thread_entry.c.obj)
                0x0000000000000684                z_thread_entry
 .text.process_event
                0x00000000000006b8      0x21c zephyr/libzephyr.a(onoff.c.obj)
 .text.mem_attr_get_regions
                0x00000000000008d4        0xc zephyr/libzephyr.a(mem_attr.c.obj)
                0x00000000000008d4                mem_attr_get_regions
 .text.boot_banner
                0x00000000000008e0       0x1c zephyr/libzephyr.a(banner.c.obj)
                0x00000000000008e0                boot_banner
 .text.nrf_cc3xx_platform_abort_init
                0x00000000000008fc        0xc zephyr/libzephyr.a(nrf_cc3xx_platform_abort_zephyr.c.obj)
                0x00000000000008fc                nrf_cc3xx_platform_abort_init
 .text.mutex_free_platform
                0x0000000000000908       0x54 zephyr/libzephyr.a(nrf_cc3xx_platform_mutex_zephyr.c.obj)
 .text.mutex_lock_platform
                0x000000000000095c       0x60 zephyr/libzephyr.a(nrf_cc3xx_platform_mutex_zephyr.c.obj)
 .text.mutex_unlock_platform
                0x00000000000009bc       0x58 zephyr/libzephyr.a(nrf_cc3xx_platform_mutex_zephyr.c.obj)
 .text.mutex_init_platform
                0x0000000000000a14       0x94 zephyr/libzephyr.a(nrf_cc3xx_platform_mutex_zephyr.c.obj)
 .text.nrf_cc3xx_platform_mutex_init
                0x0000000000000aa8       0x2c zephyr/libzephyr.a(nrf_cc3xx_platform_mutex_zephyr.c.obj)
                0x0000000000000aa8                nrf_cc3xx_platform_mutex_init
 .text.z_SysNmiOnReset
                0x0000000000000ad4        0x8 zephyr/arch/arch/arm/core/libarch__arm__core.a(nmi_on_reset.S.obj)
                0x0000000000000ad4                z_SysNmiOnReset
 .text.arch_tls_stack_setup
                0x0000000000000adc       0x40 zephyr/arch/arch/arm/core/libarch__arm__core.a(tls.c.obj)
                0x0000000000000adc                arch_tls_stack_setup
 .text._HandlerModeExit
                0x0000000000000b1c       0x28 zephyr/arch/arch/arm/core/cortex_m/libarch__arm__core__cortex_m.a(exc_exit.c.obj)
                0x0000000000000b1c                z_arm_exc_exit
                0x0000000000000b1c                z_arm_int_exit
 .text.mem_manage_fault
                0x0000000000000b44       0xa0 zephyr/arch/arch/arm/core/cortex_m/libarch__arm__core__cortex_m.a(fault.c.obj)
 .text.usage_fault.constprop.0
                0x0000000000000be4       0x54 zephyr/arch/arch/arm/core/cortex_m/libarch__arm__core__cortex_m.a(fault.c.obj)
 .text.bus_fault.constprop.0
                0x0000000000000c38       0x6c zephyr/arch/arch/arm/core/cortex_m/libarch__arm__core__cortex_m.a(fault.c.obj)
 .text.z_arm_fault
                0x0000000000000ca4      0x128 zephyr/arch/arch/arm/core/cortex_m/libarch__arm__core__cortex_m.a(fault.c.obj)
                0x0000000000000ca4                z_arm_fault
 .text.z_arm_fault_init
                0x0000000000000dcc       0x10 zephyr/arch/arch/arm/core/cortex_m/libarch__arm__core__cortex_m.a(fault.c.obj)
                0x0000000000000dcc                z_arm_fault_init
 .text.__fault  0x0000000000000ddc       0x14 zephyr/arch/arch/arm/core/cortex_m/libarch__arm__core__cortex_m.a(fault_s.S.obj)
                0x0000000000000ddc                z_arm_bus_fault
                0x0000000000000ddc                z_arm_usage_fault
                0x0000000000000ddc                z_arm_mpu_fault
                0x0000000000000ddc                z_arm_exc_spurious
                0x0000000000000ddc                z_arm_debug_monitor
                0x0000000000000ddc                z_arm_hard_fault
 .text._reset_section
                0x0000000000000df0       0x54 zephyr/arch/arch/arm/core/cortex_m/libarch__arm__core__cortex_m.a(reset.S.obj)
                0x0000000000000df0                z_arm_reset
                0x0000000000000df0                __start
 .text.z_arm_clear_arm_mpu_config
                0x0000000000000e44       0x24 zephyr/arch/arch/arm/core/cortex_m/libarch__arm__core__cortex_m.a(scb.c.obj)
                0x0000000000000e44                z_arm_clear_arm_mpu_config
 .text.z_arm_init_arch_hw_at_boot
                0x0000000000000e68       0x64 zephyr/arch/arch/arm/core/cortex_m/libarch__arm__core__cortex_m.a(scb.c.obj)
                0x0000000000000e68                z_arm_init_arch_hw_at_boot
 .text.z_impl_k_thread_abort
                0x0000000000000ecc       0x2c zephyr/arch/arch/arm/core/cortex_m/libarch__arm__core__cortex_m.a(thread_abort.c.obj)
                0x0000000000000ecc                z_impl_k_thread_abort
 .text.arch_swap
                0x0000000000000ef8       0x34 zephyr/arch/arch/arm/core/cortex_m/libarch__arm__core__cortex_m.a(swap.c.obj)
                0x0000000000000ef8                arch_swap
 .text.z_arm_pendsv_c
                0x0000000000000f2c       0x50 zephyr/arch/arch/arm/core/cortex_m/libarch__arm__core__cortex_m.a(swap.c.obj)
                0x0000000000000f2c                z_arm_pendsv_c
 .text.z_arm_pendsv
                0x0000000000000f7c       0x34 zephyr/arch/arch/arm/core/cortex_m/libarch__arm__core__cortex_m.a(swap_helper.S.obj)
                0x0000000000000f7c                z_arm_pendsv
 .text.z_arm_svc
                0x0000000000000fb0       0x20 zephyr/arch/arch/arm/core/cortex_m/libarch__arm__core__cortex_m.a(swap_helper.S.obj)
                0x0000000000000fb0                z_arm_svc
 .text.arch_irq_enable
                0x0000000000000fd0       0x1c zephyr/arch/arch/arm/core/cortex_m/libarch__arm__core__cortex_m.a(irq_manage.c.obj)
                0x0000000000000fd0                arch_irq_enable
 .text.arch_irq_is_enabled
                0x0000000000000fec       0x1c zephyr/arch/arch/arm/core/cortex_m/libarch__arm__core__cortex_m.a(irq_manage.c.obj)
                0x0000000000000fec                arch_irq_is_enabled
 .text.z_arm_irq_priority_set
                0x0000000000001008       0x30 zephyr/arch/arch/arm/core/cortex_m/libarch__arm__core__cortex_m.a(irq_manage.c.obj)
                0x0000000000001008                z_arm_irq_priority_set
 .text.z_prep_c
                0x0000000000001038       0x38 zephyr/arch/arch/arm/core/cortex_m/libarch__arm__core__cortex_m.a(prep_c.c.obj)
                0x0000000000001038                z_prep_c
 .text.arch_new_thread
                0x0000000000001070       0x38 zephyr/arch/arch/arm/core/cortex_m/libarch__arm__core__cortex_m.a(thread.c.obj)
                0x0000000000001070                arch_new_thread
 .text.z_check_thread_stack_fail
                0x00000000000010a8       0x2c zephyr/arch/arch/arm/core/cortex_m/libarch__arm__core__cortex_m.a(thread.c.obj)
                0x00000000000010a8                z_check_thread_stack_fail
 .text.arch_switch_to_main_thread
                0x00000000000010d4       0x48 zephyr/arch/arch/arm/core/cortex_m/libarch__arm__core__cortex_m.a(thread.c.obj)
                0x00000000000010d4                arch_switch_to_main_thread
 .text.z_arm_cpu_idle_init
                0x000000000000111c        0xc zephyr/arch/arch/arm/core/cortex_m/libarch__arm__core__cortex_m.a(cpu_idle.c.obj)
                0x000000000000111c                z_arm_cpu_idle_init
 .text.z_arm_interrupt_init
                0x0000000000001128       0x18 zephyr/arch/arch/arm/core/cortex_m/libarch__arm__core__cortex_m.a(irq_init.c.obj)
                0x0000000000001128                z_arm_interrupt_init
 .text._isr_wrapper
                0x0000000000001140       0x24 zephyr/arch/arch/arm/core/cortex_m/libarch__arm__core__cortex_m.a(isr_wrapper.c.obj)
                0x0000000000001140                _isr_wrapper
 .text.z_arm_configure_static_mpu_regions
                0x0000000000001164       0x18 zephyr/arch/arch/arm/core/mpu/libarch__arm__core__mpu.a(arm_core_mpu.c.obj)
                0x0000000000001164                z_arm_configure_static_mpu_regions
 .text.z_arm_configure_dynamic_mpu_regions
                0x000000000000117c       0x20 zephyr/arch/arch/arm/core/mpu/libarch__arm__core__mpu.a(arm_core_mpu.c.obj)
                0x000000000000117c                z_arm_configure_dynamic_mpu_regions
 .text.region_init
                0x000000000000119c       0x28 zephyr/arch/arch/arm/core/mpu/libarch__arm__core__mpu.a(arm_mpu.c.obj)
 .text.mpu_configure_regions
                0x00000000000011c4       0x6c zephyr/arch/arch/arm/core/mpu/libarch__arm__core__mpu.a(arm_mpu.c.obj)
 .text.arm_core_mpu_enable
                0x0000000000001230       0x18 zephyr/arch/arch/arm/core/mpu/libarch__arm__core__mpu.a(arm_mpu.c.obj)
                0x0000000000001230                arm_core_mpu_enable
 .text.arm_core_mpu_disable
                0x0000000000001248       0x14 zephyr/arch/arch/arm/core/mpu/libarch__arm__core__mpu.a(arm_mpu.c.obj)
                0x0000000000001248                arm_core_mpu_disable
 .text.arm_core_mpu_configure_static_mpu_regions
                0x000000000000125c       0x14 zephyr/arch/arch/arm/core/mpu/libarch__arm__core__mpu.a(arm_mpu.c.obj)
                0x000000000000125c                arm_core_mpu_configure_static_mpu_regions
 .text.arm_core_mpu_configure_dynamic_mpu_regions
                0x0000000000001270       0x38 zephyr/arch/arch/arm/core/mpu/libarch__arm__core__mpu.a(arm_mpu.c.obj)
                0x0000000000001270                arm_core_mpu_configure_dynamic_mpu_regions
 .text.z_arm_mpu_init
                0x00000000000012a8      0x168 zephyr/arch/arch/arm/core/mpu/libarch__arm__core__mpu.a(arm_mpu.c.obj)
                0x00000000000012a8                z_arm_mpu_init
 .text.z_impl_zephyr_fputc
                0x0000000000001410       0x10 zephyr/lib/libc/picolibc/liblib__libc__picolibc.a(libc-hooks.c.obj)
                0x0000000000001410                z_impl_zephyr_fputc
 .text.__stdout_hook_install
                0x0000000000001420       0x18 zephyr/lib/libc/picolibc/liblib__libc__picolibc.a(libc-hooks.c.obj)
                0x0000000000001420                __stdout_hook_install
 .text.malloc_prepare
                0x0000000000001438       0x24 zephyr/lib/libc/common/liblib__libc__common.a(malloc.c.obj)
 .text.nordicsemi_nrf52_init
                0x000000000000145c       0x18 zephyr/soc/soc/nrf52840/libsoc__nordic.a(soc.c.obj)
 .text.arch_busy_wait
                0x0000000000001474       0x14 zephyr/soc/soc/nrf52840/libsoc__nordic.a(soc.c.obj)
                0x0000000000001474                arch_busy_wait
 .text.onoff_stop
                0x0000000000001488       0x30 zephyr/drivers/clock_control/libdrivers__clock_control.a(clock_control_nrf.c.obj)
 .text.onoff_start
                0x00000000000014b8       0x44 zephyr/drivers/clock_control/libdrivers__clock_control.a(clock_control_nrf.c.obj)
 .text.generic_hfclk_stop
                0x00000000000014fc       0x34 zephyr/drivers/clock_control/libdrivers__clock_control.a(clock_control_nrf.c.obj)
 .text.clk_init
                0x0000000000001530       0x58 zephyr/drivers/clock_control/libdrivers__clock_control.a(clock_control_nrf.c.obj)
 .text.api_blocking_start
                0x0000000000001588       0x34 zephyr/drivers/clock_control/libdrivers__clock_control.a(clock_control_nrf.c.obj)
 .text.clkstarted_handle.constprop.0
                0x00000000000015bc       0x4c zephyr/drivers/clock_control/libdrivers__clock_control.a(clock_control_nrf.c.obj)
 .text.generic_hfclk_start
                0x0000000000001608       0x78 zephyr/drivers/clock_control/libdrivers__clock_control.a(clock_control_nrf.c.obj)
 .text.clock_event_handler
                0x0000000000001680       0x1c zephyr/drivers/clock_control/libdrivers__clock_control.a(clock_control_nrf.c.obj)
 .text.z_nrf_clock_control_lf_on
                0x000000000000169c       0xfc zephyr/drivers/clock_control/libdrivers__clock_control.a(clock_control_nrf.c.obj)
                0x000000000000169c                z_nrf_clock_control_lf_on
 .text.uart_console_init
                0x0000000000001798       0x28 zephyr/drivers/console/libdrivers__console.a(uart_console.c.obj)
 .text.console_out
                0x00000000000017c0       0x28 zephyr/drivers/console/libdrivers__console.a(uart_console.c.obj)
 .text.gpio_nrfx_pin_interrupt_configure
                0x00000000000017e8      0x100 zephyr/drivers/gpio/libdrivers__gpio.a(gpio_nrfx.c.obj)
 .text.gpio_nrfx_init
                0x00000000000018e8       0x48 zephyr/drivers/gpio/libdrivers__gpio.a(gpio_nrfx.c.obj)
 .text.nrfx_gpio_handler
                0x0000000000001930       0x4c zephyr/drivers/gpio/libdrivers__gpio.a(gpio_nrfx.c.obj)
 .text.gpio_nrfx_pin_configure
                0x000000000000197c      0x18c zephyr/drivers/gpio/libdrivers__gpio.a(gpio_nrfx.c.obj)
 .text.nrf_gpio_pin_port_decode
                0x0000000000001b08       0x20 zephyr/drivers/pinctrl/libdrivers__pinctrl.a(pinctrl_nrf.c.obj)
 .text.pinctrl_configure_pins
                0x0000000000001b28      0x170 zephyr/drivers/pinctrl/libdrivers__pinctrl.a(pinctrl_nrf.c.obj)
                0x0000000000001b28                pinctrl_configure_pins
 .text.uarte_0_init
                0x0000000000001c98      0x258 zephyr/drivers/serial/libdrivers__serial.a(uart_nrfx_uarte.c.obj)
 .text.uarte_nrfx_poll_out
                0x0000000000001ef0       0xcc zephyr/drivers/serial/libdrivers__serial.a(uart_nrfx_uarte.c.obj)
 .text.compare_int_lock
                0x0000000000001fbc       0x48 zephyr/drivers/timer/libdrivers__timer.a(nrf_rtc_timer.c.obj)
 .text.sys_clock_timeout_handler
                0x0000000000002004       0x48 zephyr/drivers/timer/libdrivers__timer.a(nrf_rtc_timer.c.obj)
 .text.compare_int_unlock
                0x000000000000204c       0x5c zephyr/drivers/timer/libdrivers__timer.a(nrf_rtc_timer.c.obj)
 .text.z_nrf_rtc_timer_read
                0x00000000000020a8       0x44 zephyr/drivers/timer/libdrivers__timer.a(nrf_rtc_timer.c.obj)
                0x00000000000020a8                z_nrf_rtc_timer_read
 .text.compare_set
                0x00000000000020ec      0x130 zephyr/drivers/timer/libdrivers__timer.a(nrf_rtc_timer.c.obj)
 .text.sys_clock_driver_init
                0x000000000000221c       0x90 zephyr/drivers/timer/libdrivers__timer.a(nrf_rtc_timer.c.obj)
 .text.rtc_nrf_isr
                0x00000000000022ac       0xd4 zephyr/drivers/timer/libdrivers__timer.a(nrf_rtc_timer.c.obj)
                0x00000000000022ac                rtc_nrf_isr
 .text.sys_clock_set_timeout
                0x0000000000002380       0x5c zephyr/drivers/timer/libdrivers__timer.a(nrf_rtc_timer.c.obj)
                0x0000000000002380                sys_clock_set_timeout
 .text.sys_clock_elapsed
                0x00000000000023dc       0x14 zephyr/drivers/timer/libdrivers__timer.a(nrf_rtc_timer.c.obj)
                0x00000000000023dc                sys_clock_elapsed
 .text.nrf52_errata_98
                0x00000000000023f0       0x24 modules/hal_nordic/nrfx/libmodules__hal_nordic__nrfx.a(system_nrf52840.c.obj)
 .text.nvmc_wait
                0x0000000000002414       0x10 modules/hal_nordic/nrfx/libmodules__hal_nordic__nrfx.a(system_nrf52840.c.obj)
                0x0000000000002414                nvmc_wait
 .text.SystemInit
                0x0000000000002424      0x1bc modules/hal_nordic/nrfx/libmodules__hal_nordic__nrfx.a(system_nrf52840.c.obj)
                0x0000000000002424                SystemInit
 .text.nrfx_flag32_alloc
                0x00000000000025e0       0x48 modules/hal_nordic/nrfx/libmodules__hal_nordic__nrfx.a(nrfx_flag32_allocator.c.obj)
                0x00000000000025e0                nrfx_flag32_alloc
 .text.nrfx_flag32_free
                0x0000000000002628       0x40 modules/hal_nordic/nrfx/libmodules__hal_nordic__nrfx.a(nrfx_flag32_allocator.c.obj)
                0x0000000000002628                nrfx_flag32_free
 .text.nrfx_gppi_channels_enable
                0x0000000000002668        0xc modules/hal_nordic/nrfx/libmodules__hal_nordic__nrfx.a(nrfx_gppi_ppi.c.obj)
                0x0000000000002668                nrfx_gppi_channels_enable
 .text.clock_stop
                0x0000000000002674       0xc4 modules/hal_nordic/nrfx/libmodules__hal_nordic__nrfx.a(nrfx_clock.c.obj)
 .text.nrfx_clock_init
                0x0000000000002738       0x20 modules/hal_nordic/nrfx/libmodules__hal_nordic__nrfx.a(nrfx_clock.c.obj)
                0x0000000000002738                nrfx_clock_init
 .text.nrfx_clock_enable
                0x0000000000002758       0x24 modules/hal_nordic/nrfx/libmodules__hal_nordic__nrfx.a(nrfx_clock.c.obj)
                0x0000000000002758                nrfx_clock_enable
 .text.nrfx_clock_start
                0x000000000000277c       0xa8 modules/hal_nordic/nrfx/libmodules__hal_nordic__nrfx.a(nrfx_clock.c.obj)
                0x000000000000277c                nrfx_clock_start
 .text.nrfx_power_clock_irq_handler
                0x0000000000002824       0x68 modules/hal_nordic/nrfx/libmodules__hal_nordic__nrfx.a(nrfx_clock.c.obj)
                0x0000000000002824                nrfx_power_clock_irq_handler
 .text.nrf_gpio_pin_port_decode
                0x000000000000288c       0x20 modules/hal_nordic/nrfx/libmodules__hal_nordic__nrfx.a(nrfx_gpiote.c.obj)
 .text.get_pin_idx
                0x00000000000028ac       0x14 modules/hal_nordic/nrfx/libmodules__hal_nordic__nrfx.a(nrfx_gpiote.c.obj)
 .text.call_handler.constprop.0
                0x00000000000028c0       0x40 modules/hal_nordic/nrfx/libmodules__hal_nordic__nrfx.a(nrfx_gpiote.c.obj)
 .text.pin_te_get.constprop.0
                0x0000000000002900       0x18 modules/hal_nordic/nrfx/libmodules__hal_nordic__nrfx.a(nrfx_gpiote.c.obj)
 .text.pin_is_output.constprop.0
                0x0000000000002918       0x18 modules/hal_nordic/nrfx/libmodules__hal_nordic__nrfx.a(nrfx_gpiote.c.obj)
 .text.pin_in_use_by_te.constprop.0
                0x0000000000002930       0x18 modules/hal_nordic/nrfx/libmodules__hal_nordic__nrfx.a(nrfx_gpiote.c.obj)
 .text.latch_pending_read_and_check
                0x0000000000002948       0x40 modules/hal_nordic/nrfx/libmodules__hal_nordic__nrfx.a(nrfx_gpiote.c.obj)
 .text.release_handler.isra.0
                0x0000000000002988       0x58 modules/hal_nordic/nrfx/libmodules__hal_nordic__nrfx.a(nrfx_gpiote.c.obj)
 .text.__nrfy_internal_gpiote_events_process.constprop.0
                0x00000000000029e0       0x5c modules/hal_nordic/nrfx/libmodules__hal_nordic__nrfx.a(nrfx_gpiote.c.obj)
 .text.pin_uninit
                0x0000000000002a3c       0x80 modules/hal_nordic/nrfx/libmodules__hal_nordic__nrfx.a(nrfx_gpiote.c.obj)
 .text.nrfx_gpiote_input_configure
                0x0000000000002abc      0x174 modules/hal_nordic/nrfx/libmodules__hal_nordic__nrfx.a(nrfx_gpiote.c.obj)
                0x0000000000002abc                nrfx_gpiote_input_configure
 .text.nrfx_gpiote_output_configure
                0x0000000000002c30       0xfc modules/hal_nordic/nrfx/libmodules__hal_nordic__nrfx.a(nrfx_gpiote.c.obj)
                0x0000000000002c30                nrfx_gpiote_output_configure
 .text.nrfx_gpiote_global_callback_set
                0x0000000000002d2c        0xc modules/hal_nordic/nrfx/libmodules__hal_nordic__nrfx.a(nrfx_gpiote.c.obj)
                0x0000000000002d2c                nrfx_gpiote_global_callback_set
 .text.nrfx_gpiote_channel_get
                0x0000000000002d38       0x34 modules/hal_nordic/nrfx/libmodules__hal_nordic__nrfx.a(nrfx_gpiote.c.obj)
                0x0000000000002d38                nrfx_gpiote_channel_get
 .text.nrfx_gpiote_init
                0x0000000000002d6c       0x68 modules/hal_nordic/nrfx/libmodules__hal_nordic__nrfx.a(nrfx_gpiote.c.obj)
                0x0000000000002d6c                nrfx_gpiote_init
 .text.nrfx_gpiote_init_check
                0x0000000000002dd4       0x14 modules/hal_nordic/nrfx/libmodules__hal_nordic__nrfx.a(nrfx_gpiote.c.obj)
                0x0000000000002dd4                nrfx_gpiote_init_check
 .text.nrfx_gpiote_channel_free
                0x0000000000002de8        0xc modules/hal_nordic/nrfx/libmodules__hal_nordic__nrfx.a(nrfx_gpiote.c.obj)
                0x0000000000002de8                nrfx_gpiote_channel_free
 .text.nrfx_gpiote_channel_alloc
                0x0000000000002df4        0xc modules/hal_nordic/nrfx/libmodules__hal_nordic__nrfx.a(nrfx_gpiote.c.obj)
                0x0000000000002df4                nrfx_gpiote_channel_alloc
 .text.nrfx_gpiote_trigger_enable
                0x0000000000002e00       0xb0 modules/hal_nordic/nrfx/libmodules__hal_nordic__nrfx.a(nrfx_gpiote.c.obj)
                0x0000000000002e00                nrfx_gpiote_trigger_enable
 .text.nrfx_gpiote_0_irq_handler
                0x0000000000002eb0      0x1bc modules/hal_nordic/nrfx/libmodules__hal_nordic__nrfx.a(nrfx_gpiote.c.obj)
                0x0000000000002eb0                nrfx_gpiote_0_irq_handler
 .text.nrfx_ppi_channel_alloc
                0x000000000000306c        0xc modules/hal_nordic/nrfx/libmodules__hal_nordic__nrfx.a(nrfx_ppi.c.obj)
                0x000000000000306c                nrfx_ppi_channel_alloc
 .text._DoInit  0x0000000000003078       0x68 modules/segger/libmodules__segger.a(SEGGER_RTT.c.obj)
 .text.z_fatal_error
                0x00000000000030e0       0x30 zephyr/kernel/libkernel.a(fatal.c.obj)
                0x00000000000030e0                z_fatal_error
 .text.z_sys_init_run_level
                0x0000000000003110       0x2c zephyr/kernel/libkernel.a(init.c.obj)
 .text.bg_thread_main
                0x000000000000313c       0xc0 zephyr/kernel/libkernel.a(init.c.obj)
 .text.z_bss_zero
                0x00000000000031fc       0x18 zephyr/kernel/libkernel.a(init.c.obj)
                0x00000000000031fc                z_bss_zero
 .text.z_init_cpu
                0x0000000000003214       0x70 zephyr/kernel/libkernel.a(init.c.obj)
                0x0000000000003214                z_init_cpu
 .text.z_cstart
                0x0000000000003284       0xe0 zephyr/kernel/libkernel.a(init.c.obj)
                0x0000000000003284                z_cstart
 .text.init_mem_slab_obj_core_list
                0x0000000000003364       0x24 zephyr/kernel/libkernel.a(mem_slab.c.obj)
 .text.k_mem_slab_alloc
                0x0000000000003388       0x5c zephyr/kernel/libkernel.a(mem_slab.c.obj)
                0x0000000000003388                k_mem_slab_alloc
 .text.z_impl_k_mutex_lock
                0x00000000000033e4       0xf0 zephyr/kernel/libkernel.a(mutex.c.obj)
                0x00000000000033e4                z_impl_k_mutex_lock
 .text.z_impl_k_mutex_unlock
                0x00000000000034d4       0x78 zephyr/kernel/libkernel.a(mutex.c.obj)
                0x00000000000034d4                z_impl_k_mutex_unlock
 .text.z_impl_k_queue_get
                0x000000000000354c       0x64 zephyr/kernel/libkernel.a(queue.c.obj)
                0x000000000000354c                z_impl_k_queue_get
 .text.z_impl_k_sem_give
                0x00000000000035b0       0x48 zephyr/kernel/libkernel.a(sem.c.obj)
                0x00000000000035b0                z_impl_k_sem_give
 .text.z_impl_k_sem_take
                0x00000000000035f8       0x4c zephyr/kernel/libkernel.a(sem.c.obj)
                0x00000000000035f8                z_impl_k_sem_take
 .text.z_setup_new_thread
                0x0000000000003644       0x9c zephyr/kernel/libkernel.a(thread.c.obj)
                0x0000000000003644                z_setup_new_thread
 .text.update_cache
                0x00000000000036e0       0x3c zephyr/kernel/libkernel.a(sched.c.obj)
 .text.unready_thread
                0x000000000000371c       0x30 zephyr/kernel/libkernel.a(sched.c.obj)
 .text.ready_thread
                0x000000000000374c       0x68 zephyr/kernel/libkernel.a(sched.c.obj)
 .text.z_thread_halt
                0x00000000000037b4       0xdc zephyr/kernel/libkernel.a(sched.c.obj)
 .text.move_thread_to_end_of_prio_q
                0x0000000000003890       0x74 zephyr/kernel/libkernel.a(sched.c.obj)
                0x0000000000003890                move_thread_to_end_of_prio_q
 .text.z_pend_curr
                0x0000000000003904       0x58 zephyr/kernel/libkernel.a(sched.c.obj)
                0x0000000000003904                z_pend_curr
 .text.z_thread_prio_set
                0x000000000000395c       0x88 zephyr/kernel/libkernel.a(sched.c.obj)
                0x000000000000395c                z_thread_prio_set
 .text.z_reschedule
                0x00000000000039e4       0x24 zephyr/kernel/libkernel.a(sched.c.obj)
                0x00000000000039e4                z_reschedule
 .text.z_sched_start
                0x0000000000003a08       0x3c zephyr/kernel/libkernel.a(sched.c.obj)
                0x0000000000003a08                z_sched_start
 .text.z_reschedule_irqlock
                0x0000000000003a44       0x28 zephyr/kernel/libkernel.a(sched.c.obj)
                0x0000000000003a44                z_reschedule_irqlock
 .text.k_sched_lock
                0x0000000000003a6c       0x28 zephyr/kernel/libkernel.a(sched.c.obj)
                0x0000000000003a6c                k_sched_lock
 .text.k_sched_unlock
                0x0000000000003a94       0x40 zephyr/kernel/libkernel.a(sched.c.obj)
                0x0000000000003a94                k_sched_unlock
 .text.z_sched_init
                0x0000000000003ad4       0x10 zephyr/kernel/libkernel.a(sched.c.obj)
                0x0000000000003ad4                z_sched_init
 .text.z_impl_k_yield
                0x0000000000003ae4       0x7c zephyr/kernel/libkernel.a(sched.c.obj)
                0x0000000000003ae4                z_impl_k_yield
 .text.z_tick_sleep
                0x0000000000003b60       0x88 zephyr/kernel/libkernel.a(sched.c.obj)
 .text.z_impl_k_sleep
                0x0000000000003be8       0x3c zephyr/kernel/libkernel.a(sched.c.obj)
                0x0000000000003be8                z_impl_k_sleep
 .text.z_impl_k_sched_current_thread_query
                0x0000000000003c24        0xc zephyr/kernel/libkernel.a(sched.c.obj)
                0x0000000000003c24                z_impl_k_sched_current_thread_query
 .text.slice_timeout
                0x0000000000003c30       0x20 zephyr/kernel/libkernel.a(timeslicing.c.obj)
 .text.thread_is_sliceable
                0x0000000000003c50       0x3c zephyr/kernel/libkernel.a(timeslicing.c.obj)
                0x0000000000003c50                thread_is_sliceable
 .text.z_reset_time_slice
                0x0000000000003c8c       0x50 zephyr/kernel/libkernel.a(timeslicing.c.obj)
                0x0000000000003c8c                z_reset_time_slice
 .text.z_time_slice
                0x0000000000003cdc       0x60 zephyr/kernel/libkernel.a(timeslicing.c.obj)
                0x0000000000003cdc                z_time_slice
 .text.z_data_copy
                0x0000000000003d3c       0x34 zephyr/kernel/libkernel.a(xip.c.obj)
                0x0000000000003d3c                z_data_copy
 .text.elapsed  0x0000000000003d70       0x14 zephyr/kernel/libkernel.a(timeout.c.obj)
 .text.remove_timeout
                0x0000000000003d84       0x38 zephyr/kernel/libkernel.a(timeout.c.obj)
 .text.next_timeout
                0x0000000000003dbc       0x40 zephyr/kernel/libkernel.a(timeout.c.obj)
 .text.z_add_timeout
                0x0000000000003dfc       0xf4 zephyr/kernel/libkernel.a(timeout.c.obj)
                0x0000000000003dfc                z_add_timeout
 .text.sys_clock_announce
                0x0000000000003ef0       0xd0 zephyr/kernel/libkernel.a(timeout.c.obj)
                0x0000000000003ef0                sys_clock_announce
 .text.sys_clock_tick_get
                0x0000000000003fc0       0x30 zephyr/kernel/libkernel.a(timeout.c.obj)
                0x0000000000003fc0                sys_clock_tick_get
 .text.k_event_post_internal
                0x0000000000003ff0       0x5c zephyr/kernel/libkernel.a(events.c.obj)
 .text.k_aligned_alloc
                0x000000000000404c       0x10 zephyr/kernel/libkernel.a(mempool.c.obj)
                0x000000000000404c                k_aligned_alloc
 .text.k_thread_system_pool_assign
                0x000000000000405c        0xc zephyr/kernel/libkernel.a(mempool.c.obj)
                0x000000000000405c                k_thread_system_pool_assign
 .text.z_thread_aligned_alloc
                0x0000000000004068       0x30 zephyr/kernel/libkernel.a(mempool.c.obj)
                0x0000000000004068                z_thread_aligned_alloc
 .text.statics_init
                0x0000000000004098       0x24 zephyr/kernel/libkernel.a(kheap.c.obj)
 .text.nrf_cc3xx_platform_init_no_rng
                0x00000000000040bc       0x38 /home/ben/ncs/v2.7.0/nrfxlib/crypto/nrf_cc310_platform/lib/cortex-m4/soft-float/no-interrupts/libnrf_cc310_platform_0.9.19.a(nrf_cc3xx_platform.c.obj)
                0x00000000000040bc                nrf_cc3xx_platform_init_no_rng
 .text.nrf_cc3xx_platform_abort
                0x00000000000040f4       0x24 /home/ben/ncs/v2.7.0/nrfxlib/crypto/nrf_cc310_platform/lib/cortex-m4/soft-float/no-interrupts/libnrf_cc310_platform_0.9.19.a(nrf_cc3xx_platform_abort.c.obj)
 .text.CC_PalAbort
                0x0000000000004118       0x34 /home/ben/ncs/v2.7.0/nrfxlib/crypto/nrf_cc310_platform/lib/cortex-m4/soft-float/no-interrupts/libnrf_cc310_platform_0.9.19.a(nrf_cc3xx_platform_abort.c.obj)
                0x0000000000004118                CC_PalAbort
 .text.nrf_cc3xx_platform_set_abort
                0x000000000000414c       0x10 /home/ben/ncs/v2.7.0/nrfxlib/crypto/nrf_cc310_platform/lib/cortex-m4/soft-float/no-interrupts/libnrf_cc310_platform_0.9.19.a(nrf_cc3xx_platform_abort.c.obj)
                0x000000000000414c                nrf_cc3xx_platform_set_abort
 .text.mutex_free
                0x000000000000415c       0x34 /home/ben/ncs/v2.7.0/nrfxlib/crypto/nrf_cc310_platform/lib/cortex-m4/soft-float/no-interrupts/libnrf_cc310_platform_0.9.19.a(nrf_cc3xx_platform_mutex.c.obj)
 .text.mutex_lock
                0x0000000000004190       0x48 /home/ben/ncs/v2.7.0/nrfxlib/crypto/nrf_cc310_platform/lib/cortex-m4/soft-float/no-interrupts/libnrf_cc310_platform_0.9.19.a(nrf_cc3xx_platform_mutex.c.obj)
 .text.mutex_unlock
                0x00000000000041d8       0x38 /home/ben/ncs/v2.7.0/nrfxlib/crypto/nrf_cc310_platform/lib/cortex-m4/soft-float/no-interrupts/libnrf_cc310_platform_0.9.19.a(nrf_cc3xx_platform_mutex.c.obj)
 .text.mutex_init
                0x0000000000004210       0x20 /home/ben/ncs/v2.7.0/nrfxlib/crypto/nrf_cc310_platform/lib/cortex-m4/soft-float/no-interrupts/libnrf_cc310_platform_0.9.19.a(nrf_cc3xx_platform_mutex.c.obj)
 .text.nrf_cc3xx_platform_set_mutexes
                0x0000000000004230       0x74 /home/ben/ncs/v2.7.0/nrfxlib/crypto/nrf_cc310_platform/lib/cortex-m4/soft-float/no-interrupts/libnrf_cc310_platform_0.9.19.a(nrf_cc3xx_platform_mutex.c.obj)
                0x0000000000004230                nrf_cc3xx_platform_set_mutexes
 .text.CC_LibInitNoRng
                0x00000000000042a4       0x64 /home/ben/ncs/v2.7.0/nrfxlib/crypto/nrf_cc310_platform/lib/cortex-m4/soft-float/no-interrupts/libnrf_cc310_platform_0.9.19.a(cc_lib.c.obj)
                0x00000000000042a4                CC_LibInitNoRng
 .text.CC_HalInit
                0x0000000000004308        0x4 /home/ben/ncs/v2.7.0/nrfxlib/crypto/nrf_cc310_platform/lib/cortex-m4/soft-float/no-interrupts/libnrf_cc310_platform_0.9.19.a(cc_hal.c.obj)
                0x0000000000004308                CC_HalInit
 .text.CC_HalTerminate
                0x000000000000430c        0x4 /home/ben/ncs/v2.7.0/nrfxlib/crypto/nrf_cc310_platform/lib/cortex-m4/soft-float/no-interrupts/libnrf_cc310_platform_0.9.19.a(cc_hal.c.obj)
                0x000000000000430c                CC_HalTerminate
 .text.CC_HalMaskInterrupt
                0x0000000000004310        0xc /home/ben/ncs/v2.7.0/nrfxlib/crypto/nrf_cc310_platform/lib/cortex-m4/soft-float/no-interrupts/libnrf_cc310_platform_0.9.19.a(cc_hal.c.obj)
                0x0000000000004310                CC_HalMaskInterrupt
 .text.CC_PalInit
                0x000000000000431c       0x5c /home/ben/ncs/v2.7.0/nrfxlib/crypto/nrf_cc310_platform/lib/cortex-m4/soft-float/no-interrupts/libnrf_cc310_platform_0.9.19.a(cc_pal.c.obj)
                0x000000000000431c                CC_PalInit
 .text.CC_PalTerminate
                0x0000000000004378       0x34 /home/ben/ncs/v2.7.0/nrfxlib/crypto/nrf_cc310_platform/lib/cortex-m4/soft-float/no-interrupts/libnrf_cc310_platform_0.9.19.a(cc_pal.c.obj)
                0x0000000000004378                CC_PalTerminate
 .text.CC_PalDmaInit
                0x00000000000043ac        0x4 /home/ben/ncs/v2.7.0/nrfxlib/crypto/nrf_cc310_platform/lib/cortex-m4/soft-float/no-interrupts/libnrf_cc310_platform_0.9.19.a(cc_pal_dma.c.obj)
                0x00000000000043ac                CC_PalDmaInit
 .text.CC_PalDmaTerminate
                0x00000000000043b0        0x4 /home/ben/ncs/v2.7.0/nrfxlib/crypto/nrf_cc310_platform/lib/cortex-m4/soft-float/no-interrupts/libnrf_cc310_platform_0.9.19.a(cc_pal_dma.c.obj)
                0x00000000000043b0                CC_PalDmaTerminate
 .text.CC_PalMutexCreate
                0x00000000000043b4       0x14 /home/ben/ncs/v2.7.0/nrfxlib/crypto/nrf_cc310_platform/lib/cortex-m4/soft-float/no-interrupts/libnrf_cc310_platform_0.9.19.a(cc_pal_mutex.c.obj)
                0x00000000000043b4                CC_PalMutexCreate
 .text.CC_PalMutexDestroy
                0x00000000000043c8       0x14 /home/ben/ncs/v2.7.0/nrfxlib/crypto/nrf_cc310_platform/lib/cortex-m4/soft-float/no-interrupts/libnrf_cc310_platform_0.9.19.a(cc_pal_mutex.c.obj)
                0x00000000000043c8                CC_PalMutexDestroy
 .text.CC_PalPowerSaveModeInit
                0x00000000000043dc       0x3c /home/ben/ncs/v2.7.0/nrfxlib/crypto/nrf_cc310_platform/lib/cortex-m4/soft-float/no-interrupts/libnrf_cc310_platform_0.9.19.a(cc_pal_pm.c.obj)
                0x00000000000043dc                CC_PalPowerSaveModeInit
 .text.CC_PalPowerSaveModeSelect
                0x0000000000004418       0x84 /home/ben/ncs/v2.7.0/nrfxlib/crypto/nrf_cc310_platform/lib/cortex-m4/soft-float/no-interrupts/libnrf_cc310_platform_0.9.19.a(cc_pal_pm.c.obj)
                0x0000000000004418                CC_PalPowerSaveModeSelect
 .text.__l_vfprintf
                0x000000000000449c      0x4b8 /home/ben/ncs/toolchains/e9dba88316/opt/zephyr-sdk/arm-zephyr-eabi/bin/../lib/gcc/../../picolibc/arm-zephyr-eabi/lib/thumb/v7e-m/nofp/libc.a(libc_tinystdio_vflprintf.c.o)
                0x000000000000449c                __l_vfprintf
 .text._OffsetAbsSyms
                0x0000000000004954        0x2 zephyr/CMakeFiles/offsets.dir/./arch/arm/core/offsets/offsets.c.obj
                0x0000000000004954                _OffsetAbsSyms
 .text.gpio_pin_set.isra.0
                0x0000000000004956       0x20 app/libapp.a(main.c.obj)
 .text.k_msleep.isra.0
                0x0000000000004976       0x26 app/libapp.a(main.c.obj)
 .text.chunk_field
                0x000000000000499c       0x16 zephyr/libzephyr.a(heap.c.obj)
 .text.chunk_set
                0x00000000000049b2       0x16 zephyr/libzephyr.a(heap.c.obj)
 .text.chunk_size
                0x00000000000049c8        0xc zephyr/libzephyr.a(heap.c.obj)
 .text.set_chunk_used
                0x00000000000049d4       0x30 zephyr/libzephyr.a(heap.c.obj)
 .text.set_chunk_size
                0x0000000000004a04        0x8 zephyr/libzephyr.a(heap.c.obj)
 .text.mem_to_chunkid
                0x0000000000004a0c       0x14 zephyr/libzephyr.a(heap.c.obj)
 .text.bucket_idx.isra.0
                0x0000000000004a20       0x1c zephyr/libzephyr.a(heap.c.obj)
 .text.free_list_remove_bidx
                0x0000000000004a3c       0x5c zephyr/libzephyr.a(heap.c.obj)
 .text.free_list_remove
                0x0000000000004a98       0x2e zephyr/libzephyr.a(heap.c.obj)
 .text.alloc_chunk
                0x0000000000004ac6       0x74 zephyr/libzephyr.a(heap.c.obj)
 .text.split_chunks
                0x0000000000004b3a       0x4e zephyr/libzephyr.a(heap.c.obj)
 .text.merge_chunks
                0x0000000000004b88       0x3c zephyr/libzephyr.a(heap.c.obj)
 .text.free_list_add
                0x0000000000004bc4       0x84 zephyr/libzephyr.a(heap.c.obj)
 .text.free_chunk
                0x0000000000004c48       0x84 zephyr/libzephyr.a(heap.c.obj)
 .text.sys_heap_free
                0x0000000000004ccc       0x24 zephyr/libzephyr.a(heap.c.obj)
                0x0000000000004ccc                sys_heap_free
 .text.sys_heap_alloc
                0x0000000000004cf0       0x6e zephyr/libzephyr.a(heap.c.obj)
                0x0000000000004cf0                sys_heap_alloc
 .text.sys_heap_aligned_alloc
                0x0000000000004d5e       0xe8 zephyr/libzephyr.a(heap.c.obj)
                0x0000000000004d5e                sys_heap_aligned_alloc
 .text.sys_heap_init
                0x0000000000004e46       0xb0 zephyr/libzephyr.a(heap.c.obj)
                0x0000000000004e46                sys_heap_init
 .text.arch_printk_char_out
                0x0000000000004ef6        0x4 zephyr/libzephyr.a(printk.c.obj)
                0x0000000000004ef6                arch_printk_char_out
 .text.printk   0x0000000000004efa       0x1a zephyr/libzephyr.a(printk.c.obj)
                0x0000000000004efa                printk
 .text.process_recheck
                0x0000000000004f14       0x38 zephyr/libzephyr.a(onoff.c.obj)
 .text.validate_args
                0x0000000000004f4c       0x20 zephyr/libzephyr.a(onoff.c.obj)
 .text.notify_one
                0x0000000000004f6c       0x2c zephyr/libzephyr.a(onoff.c.obj)
 .text.transition_complete
                0x0000000000004f98       0x1a zephyr/libzephyr.a(onoff.c.obj)
 .text.onoff_manager_init
                0x0000000000004fb2       0x26 zephyr/libzephyr.a(onoff.c.obj)
                0x0000000000004fb2                onoff_manager_init
 .text.onoff_request
                0x0000000000004fd8       0xae zephyr/libzephyr.a(onoff.c.obj)
                0x0000000000004fd8                onoff_request
 .text.sys_notify_validate
                0x0000000000005086       0x22 zephyr/libzephyr.a(notify.c.obj)
                0x0000000000005086                sys_notify_validate
 .text.sys_notify_finalize
                0x00000000000050a8       0x1a zephyr/libzephyr.a(notify.c.obj)
                0x00000000000050a8                sys_notify_finalize
 .text._ConfigAbsSyms
                0x00000000000050c2        0x2 zephyr/libzephyr.a(configs.c.obj)
                0x00000000000050c2                _ConfigAbsSyms
 .text.abort_function
                0x00000000000050c4        0x2 zephyr/libzephyr.a(nrf_cc3xx_platform_abort_zephyr.c.obj)
 .text.z_arm_fatal_error
                0x00000000000050c6        0xc zephyr/arch/arch/arm/core/libarch__arm__core.a(fatal.c.obj)
                0x00000000000050c6                z_arm_fatal_error
 .text.z_do_kernel_oops
                0x00000000000050d2        0x8 zephyr/arch/arch/arm/core/libarch__arm__core.a(fatal.c.obj)
                0x00000000000050d2                z_do_kernel_oops
 .text.z_arm_nmi
                0x00000000000050da        0xe zephyr/arch/arch/arm/core/libarch__arm__core.a(nmi.c.obj)
                0x00000000000050da                z_arm_nmi
 .text.z_irq_spurious
                0x00000000000050e8        0x8 zephyr/arch/arch/arm/core/cortex_m/libarch__arm__core__cortex_m.a(irq_manage.c.obj)
                0x00000000000050e8                z_irq_spurious
 .text.arch_irq_unlock_outlined
                0x00000000000050f0        0xe zephyr/arch/arch/arm/core/cortex_m/libarch__arm__core__cortex_m.a(thread.c.obj)
                0x00000000000050f0                arch_irq_unlock_outlined
 .text.arch_cpu_idle
                0x00000000000050fe       0x1a zephyr/arch/arch/arm/core/cortex_m/libarch__arm__core__cortex_m.a(cpu_idle.c.obj)
                0x00000000000050fe                arch_cpu_idle
 .text.arch_cpu_atomic_idle
                0x0000000000005118       0x1e zephyr/arch/arch/arm/core/cortex_m/libarch__arm__core__cortex_m.a(cpu_idle.c.obj)
                0x0000000000005118                arch_cpu_atomic_idle
 .text.size_to_mpu_rasr_size
                0x0000000000005136       0x20 zephyr/arch/arch/arm/core/mpu/libarch__arm__core__mpu.a(arm_mpu.c.obj)
 .text.picolibc_put
                0x0000000000005156        0xa zephyr/lib/libc/picolibc/liblib__libc__picolibc.a(libc-hooks.c.obj)
 .text.get_status
                0x0000000000005160       0x12 zephyr/drivers/clock_control/libdrivers__clock_control.a(clock_control_nrf.c.obj)
 .text.stop     0x0000000000005172       0x52 zephyr/drivers/clock_control/libdrivers__clock_control.a(clock_control_nrf.c.obj)
 .text.api_stop
                0x00000000000051c4        0x6 zephyr/drivers/clock_control/libdrivers__clock_control.a(clock_control_nrf.c.obj)
 .text.async_start
                0x00000000000051ca       0x5c zephyr/drivers/clock_control/libdrivers__clock_control.a(clock_control_nrf.c.obj)
 .text.api_start
                0x0000000000005226        0xe zephyr/drivers/clock_control/libdrivers__clock_control.a(clock_control_nrf.c.obj)
 .text.onoff_started_callback
                0x0000000000005234       0x12 zephyr/drivers/clock_control/libdrivers__clock_control.a(clock_control_nrf.c.obj)
 .text.lfclk_start
                0x0000000000005246        0x6 zephyr/drivers/clock_control/libdrivers__clock_control.a(clock_control_nrf.c.obj)
 .text.lfclk_stop
                0x000000000000524c        0x6 zephyr/drivers/clock_control/libdrivers__clock_control.a(clock_control_nrf.c.obj)
 .text.blocking_start_callback
                0x0000000000005252        0x6 zephyr/drivers/clock_control/libdrivers__clock_control.a(clock_control_nrf.c.obj)
 .text.gpio_nrfx_port_get_raw
                0x0000000000005258        0xe zephyr/drivers/gpio/libdrivers__gpio.a(gpio_nrfx.c.obj)
 .text.gpio_nrfx_port_set_masked_raw
                0x0000000000005266       0x18 zephyr/drivers/gpio/libdrivers__gpio.a(gpio_nrfx.c.obj)
 .text.gpio_nrfx_port_set_bits_raw
                0x000000000000527e        0xc zephyr/drivers/gpio/libdrivers__gpio.a(gpio_nrfx.c.obj)
 .text.gpio_nrfx_port_clear_bits_raw
                0x000000000000528a        0xc zephyr/drivers/gpio/libdrivers__gpio.a(gpio_nrfx.c.obj)
 .text.gpio_nrfx_port_toggle_bits
                0x0000000000005296       0x1a zephyr/drivers/gpio/libdrivers__gpio.a(gpio_nrfx.c.obj)
 .text.gpio_nrfx_manage_callback
                0x00000000000052b0       0x52 zephyr/drivers/gpio/libdrivers__gpio.a(gpio_nrfx.c.obj)
 .text.pinctrl_lookup_state
                0x0000000000005302       0x26 zephyr/drivers/pinctrl/libdrivers__pinctrl.a(common.c.obj)
                0x0000000000005302                pinctrl_lookup_state
 .text.uarte_nrfx_err_check
                0x0000000000005328        0xe zephyr/drivers/serial/libdrivers__serial.a(uart_nrfx_uarte.c.obj)
 .text.uarte_nrfx_poll_in
                0x0000000000005336       0x28 zephyr/drivers/serial/libdrivers__serial.a(uart_nrfx_uarte.c.obj)
 .text.is_tx_ready.isra.0
                0x000000000000535e       0x20 zephyr/drivers/serial/libdrivers__serial.a(uart_nrfx_uarte.c.obj)
 .text.uarte_nrfx_isr_int
                0x000000000000537e       0x6e zephyr/drivers/serial/libdrivers__serial.a(uart_nrfx_uarte.c.obj)
 .text.event_clear
                0x00000000000053ec       0x18 zephyr/drivers/timer/libdrivers__timer.a(nrf_rtc_timer.c.obj)
 .text.hw_cc3xx_init_internal
                0x0000000000005404        0x4 modules/nrf/drivers/hw_cc3xx/lib..__nrf__drivers__hw_cc3xx.a(hw_cc3xx.c.obj)
 .text.hw_cc3xx_init
                0x0000000000005408       0x12 modules/nrf/drivers/hw_cc3xx/lib..__nrf__drivers__hw_cc3xx.a(hw_cc3xx.c.obj)
 .text.nrfx_isr
                0x000000000000541a        0x2 modules/hal_nordic/nrfx/libmodules__hal_nordic__nrfx.a(nrfx_glue.c.obj)
                0x000000000000541a                nrfx_isr
 .text.nrfx_busy_wait
                0x000000000000541c        0x4 modules/hal_nordic/nrfx/libmodules__hal_nordic__nrfx.a(nrfx_glue.c.obj)
                0x000000000000541c                nrfx_busy_wait
 .text.nrfx_gppi_channel_endpoints_setup
                0x0000000000005420       0x14 modules/hal_nordic/nrfx/libmodules__hal_nordic__nrfx.a(nrfx_gppi_ppi.c.obj)
                0x0000000000005420                nrfx_gppi_channel_endpoints_setup
 .text.nrfx_clock_stop
                0x0000000000005434        0x4 modules/hal_nordic/nrfx/libmodules__hal_nordic__nrfx.a(nrfx_clock.c.obj)
                0x0000000000005434                nrfx_clock_stop
 .text.nrf_gpio_reconfigure
                0x0000000000005438       0x92 modules/hal_nordic/nrfx/libmodules__hal_nordic__nrfx.a(nrfx_gpiote.c.obj)
 .text.nrf_gpio_cfg_sense_set
                0x00000000000054ca       0x1e modules/hal_nordic/nrfx/libmodules__hal_nordic__nrfx.a(nrfx_gpiote.c.obj)
 .text.pin_trigger_disable
                0x00000000000054e8       0x48 modules/hal_nordic/nrfx/libmodules__hal_nordic__nrfx.a(nrfx_gpiote.c.obj)
 .text.nrfx_gpiote_pin_uninit
                0x0000000000005530        0x4 modules/hal_nordic/nrfx/libmodules__hal_nordic__nrfx.a(nrfx_gpiote.c.obj)
                0x0000000000005530                nrfx_gpiote_pin_uninit
 .text.nrfx_gpiote_trigger_disable
                0x0000000000005534        0x4 modules/hal_nordic/nrfx/libmodules__hal_nordic__nrfx.a(nrfx_gpiote.c.obj)
                0x0000000000005534                nrfx_gpiote_trigger_disable
 .text.SEGGER_RTT_Init
                0x0000000000005538        0x4 modules/segger/libmodules__segger.a(SEGGER_RTT.c.obj)
                0x0000000000005538                SEGGER_RTT_Init
 .text.rtt_init
                0x000000000000553c        0xa modules/segger/libmodules__segger.a(SEGGER_RTT_zephyr.c.obj)
 .text.z_impl_k_busy_wait
                0x0000000000005546        0x8 zephyr/kernel/libkernel.a(busy_wait.c.obj)
                0x0000000000005546                z_impl_k_busy_wait
 .text.z_device_state_init
                0x000000000000554e        0x2 zephyr/kernel/libkernel.a(device.c.obj)
                0x000000000000554e                z_device_state_init
 .text.z_device_is_ready
                0x0000000000005550       0x16 zephyr/kernel/libkernel.a(device.c.obj)
                0x0000000000005550                z_device_is_ready
 .text.arch_system_halt
                0x0000000000005566       0x10 zephyr/kernel/libkernel.a(fatal.c.obj)
                0x0000000000005566                arch_system_halt
 .text.k_sys_fatal_error_handler
                0x0000000000005576        0x6 zephyr/kernel/libkernel.a(fatal.c.obj)
                0x0000000000005576                k_sys_fatal_error_handler
 .text.do_device_init
                0x000000000000557c       0x30 zephyr/kernel/libkernel.a(init.c.obj)
 .text.z_early_memset
                0x00000000000055ac        0x4 zephyr/kernel/libkernel.a(init.c.obj)
                0x00000000000055ac                z_early_memset
 .text.z_early_memcpy
                0x00000000000055b0        0x4 zephyr/kernel/libkernel.a(init.c.obj)
                0x00000000000055b0                z_early_memcpy
 .text.create_free_list
                0x00000000000055b4       0x2c zephyr/kernel/libkernel.a(mem_slab.c.obj)
 .text.k_mem_slab_init
                0x00000000000055e0       0x1c zephyr/kernel/libkernel.a(mem_slab.c.obj)
                0x00000000000055e0                k_mem_slab_init
 .text.k_mem_slab_free
                0x00000000000055fc       0x4c zephyr/kernel/libkernel.a(mem_slab.c.obj)
                0x00000000000055fc                k_mem_slab_free
 .text.idle     0x0000000000005648       0x16 zephyr/kernel/libkernel.a(idle.c.obj)
                0x0000000000005648                idle
 .text.adjust_owner_prio.isra.0
                0x000000000000565e       0x10 zephyr/kernel/libkernel.a(mutex.c.obj)
 .text.z_impl_k_mutex_init
                0x000000000000566e        0xe zephyr/kernel/libkernel.a(mutex.c.obj)
                0x000000000000566e                z_impl_k_mutex_init
 .text.queue_insert
                0x000000000000567c       0xc4 zephyr/kernel/libkernel.a(queue.c.obj)
 .text.z_queue_node_peek
                0x0000000000005740       0x18 zephyr/kernel/libkernel.a(queue.c.obj)
                0x0000000000005740                z_queue_node_peek
 .text.k_queue_append
                0x0000000000005758       0x16 zephyr/kernel/libkernel.a(queue.c.obj)
                0x0000000000005758                k_queue_append
 .text.k_is_in_isr
                0x000000000000576e        0xc zephyr/kernel/libkernel.a(thread.c.obj)
                0x000000000000576e                k_is_in_isr
 .text.z_impl_k_thread_start
                0x000000000000577a        0x4 zephyr/kernel/libkernel.a(thread.c.obj)
                0x000000000000577a                z_impl_k_thread_start
 .text.sys_dlist_remove
                0x000000000000577e       0x10 zephyr/kernel/libkernel.a(sched.c.obj)
 .text.unpend_thread_no_timeout
                0x000000000000578e       0x14 zephyr/kernel/libkernel.a(sched.c.obj)
 .text.add_to_waitq_locked
                0x00000000000057a2       0x50 zephyr/kernel/libkernel.a(sched.c.obj)
 .text.z_ready_thread
                0x00000000000057f2       0x1e zephyr/kernel/libkernel.a(sched.c.obj)
                0x00000000000057f2                z_ready_thread
 .text.z_impl_k_thread_suspend
                0x0000000000005810       0x34 zephyr/kernel/libkernel.a(sched.c.obj)
                0x0000000000005810                z_impl_k_thread_suspend
 .text.z_sched_wake_thread
                0x0000000000005844       0x4e zephyr/kernel/libkernel.a(sched.c.obj)
                0x0000000000005844                z_sched_wake_thread
 .text.z_thread_timeout
                0x0000000000005892        0x8 zephyr/kernel/libkernel.a(sched.c.obj)
                0x0000000000005892                z_thread_timeout
 .text.z_unpend_first_thread
                0x000000000000589a       0x36 zephyr/kernel/libkernel.a(sched.c.obj)
                0x000000000000589a                z_unpend_first_thread
 .text.z_unpend_thread
                0x00000000000058d0       0x2e zephyr/kernel/libkernel.a(sched.c.obj)
                0x00000000000058d0                z_unpend_thread
 .text.z_unpend_all
                0x00000000000058fe       0x20 zephyr/kernel/libkernel.a(sched.c.obj)
                0x00000000000058fe                z_unpend_all
 .text.z_thread_abort
                0x000000000000591e       0x44 zephyr/kernel/libkernel.a(sched.c.obj)
                0x000000000000591e                z_thread_abort
 .text.z_sched_waitq_walk
                0x0000000000005962       0x44 zephyr/kernel/libkernel.a(sched.c.obj)
                0x0000000000005962                z_sched_waitq_walk
 .text.z_abort_timeout
                0x00000000000059a6       0x2a zephyr/kernel/libkernel.a(timeout.c.obj)
                0x00000000000059a6                z_abort_timeout
 .text.sys_clock_tick_get_32
                0x00000000000059d0        0x8 zephyr/kernel/libkernel.a(timeout.c.obj)
                0x00000000000059d0                sys_clock_tick_get_32
 .text.sys_timepoint_calc
                0x00000000000059d8       0x48 zephyr/kernel/libkernel.a(timeout.c.obj)
                0x00000000000059d8                sys_timepoint_calc
 .text.sys_timepoint_timeout
                0x0000000000005a20       0x42 zephyr/kernel/libkernel.a(timeout.c.obj)
                0x0000000000005a20                sys_timepoint_timeout
 .text.k_event_wait_internal
                0x0000000000005a62       0x82 zephyr/kernel/libkernel.a(events.c.obj)
 .text.event_walk_op
                0x0000000000005ae4       0x30 zephyr/kernel/libkernel.a(events.c.obj)
 .text.z_impl_k_event_set
                0x0000000000005b14        0x8 zephyr/kernel/libkernel.a(events.c.obj)
                0x0000000000005b14                z_impl_k_event_set
 .text.z_impl_k_event_set_masked
                0x0000000000005b1c        0x4 zephyr/kernel/libkernel.a(events.c.obj)
                0x0000000000005b1c                z_impl_k_event_set_masked
 .text.z_impl_k_event_wait
                0x0000000000005b20        0x6 zephyr/kernel/libkernel.a(events.c.obj)
                0x0000000000005b20                z_impl_k_event_wait
 .text.z_heap_aligned_alloc
                0x0000000000005b26       0x26 zephyr/kernel/libkernel.a(mempool.c.obj)
 .text.k_free   0x0000000000005b4c        0xe zephyr/kernel/libkernel.a(mempool.c.obj)
                0x0000000000005b4c                k_free
 .text.k_malloc
                0x0000000000005b5a        0x8 zephyr/kernel/libkernel.a(mempool.c.obj)
                0x0000000000005b5a                k_malloc
 .text.main     0x0000000000005b62        0x6 zephyr/kernel/libkernel.a(main_weak.c.obj)
                0x0000000000005b62                main
 .text.k_heap_init
                0x0000000000005b68       0x10 zephyr/kernel/libkernel.a(kheap.c.obj)
                0x0000000000005b68                k_heap_init
 .text.k_heap_aligned_alloc
                0x0000000000005b78       0x82 zephyr/kernel/libkernel.a(kheap.c.obj)
                0x0000000000005b78                k_heap_aligned_alloc
 .text.k_heap_free
                0x0000000000005bfa       0x38 zephyr/kernel/libkernel.a(kheap.c.obj)
                0x0000000000005bfa                k_heap_free
 .text.strnlen  0x0000000000005c32       0x18 /home/ben/ncs/toolchains/e9dba88316/opt/zephyr-sdk/arm-zephyr-eabi/bin/../lib/gcc/../../picolibc/arm-zephyr-eabi/lib/thumb/v7e-m/nofp/libc.a(libc_string_strnlen.c.o)
                0x0000000000005c32                strnlen
 .text.__ultoa_invert
                0x0000000000005c4a       0xae /home/ben/ncs/toolchains/e9dba88316/opt/zephyr-sdk/arm-zephyr-eabi/bin/../lib/gcc/../../picolibc/arm-zephyr-eabi/lib/thumb/v7e-m/nofp/libc.a(libc_tinystdio_vflprintf.c.o)
 .text.memcpy   0x0000000000005cf8       0x1c /home/ben/ncs/toolchains/e9dba88316/opt/zephyr-sdk/arm-zephyr-eabi/bin/../lib/gcc/../../picolibc/arm-zephyr-eabi/lib/thumb/v7e-m/nofp/libc.a(memcpy.c.o)
                0x0000000000005cf8                memcpy
                0x0000000000005cf8                __aeabi_memcpy
                0x0000000000005cf8                __aeabi_memcpy4
                0x0000000000005cf8                __aeabi_memcpy8
 .text.memset   0x0000000000005d14       0x10 /home/ben/ncs/toolchains/e9dba88316/opt/zephyr-sdk/arm-zephyr-eabi/bin/../lib/gcc/../../picolibc/arm-zephyr-eabi/lib/thumb/v7e-m/nofp/libc.a(memset.c.o)
                0x0000000000005d14                memset
 *(SORT_BY_ALIGNMENT(.TEXT.*))
 .TEXT.__aeabi_read_tp
                0x0000000000005d24        0xc zephyr/arch/arch/arm/core/cortex_m/libarch__arm__core__cortex_m.a(__aeabi_read_tp.S.obj)
                0x0000000000005d24                __aeabi_read_tp
 *(SORT_BY_ALIGNMENT(.gnu.linkonce.t.*))
 *(SORT_BY_ALIGNMENT(.glue_7t))
 .glue_7t       0x0000000000005d30        0x0 linker stubs
 *(SORT_BY_ALIGNMENT(.glue_7))
 .glue_7        0x0000000000005d30        0x0 linker stubs
 *(SORT_BY_ALIGNMENT(.vfp11_veneer))
 .vfp11_veneer  0x0000000000005d30        0x0 linker stubs
 *(SORT_BY_ALIGNMENT(.v4_bx))
 .v4_bx         0x0000000000005d30        0x0 linker stubs
                0x0000000000005d30                . = ALIGN (0x4)
                0x0000000000005d30                __text_region_end = .

.ARM.exidx      0x0000000000005d30        0x8
                0x0000000000005d30                __exidx_start = .
 *(SORT_BY_ALIGNMENT(.ARM.exidx*) SORT_BY_ALIGNMENT(gnu.linkonce.armexidx.*))
 .ARM.exidx     0x0000000000005d30        0x8 /home/ben/ncs/toolchains/e9dba88316/opt/zephyr-sdk/arm-zephyr-eabi/bin/../lib/gcc/arm-zephyr-eabi/12.2.0/thumb/v7e-m/nofp/libgcc.a(_udivmoddi4.o)
                0x0000000000005d38                __exidx_end = .
                0x0000000000005d38                __rodata_region_start = .

initlevel       0x0000000000005d38       0x68
                0x0000000000005d38                __init_start = .
                0x0000000000005d38                __init_EARLY_start = .
 *(SORT_BY_NAME(SORT_BY_ALIGNMENT(.z_init_EARLY?_*)))
 *(SORT_BY_NAME(SORT_BY_ALIGNMENT(.z_init_EARLY??_*)))
                0x0000000000005d38                __init_PRE_KERNEL_1_start = .
 *(SORT_BY_NAME(SORT_BY_ALIGNMENT(.z_init_PRE_KERNEL_1?_*)))
 .z_init_PRE_KERNEL_10_0_
                0x0000000000005d38        0x8 zephyr/soc/soc/nrf52840/libsoc__nordic.a(soc.c.obj)
 *(SORT_BY_NAME(SORT_BY_ALIGNMENT(.z_init_PRE_KERNEL_1??_*)))
 .z_init_PRE_KERNEL_130_00070_
                0x0000000000005d40        0x8 zephyr/drivers/clock_control/libdrivers__clock_control.a(clock_control_nrf.c.obj)
 .z_init_PRE_KERNEL_130_0_
                0x0000000000005d48        0x8 modules/segger/libmodules__segger.a(SEGGER_RTT_zephyr.c.obj)
 .z_init_PRE_KERNEL_130_0_
                0x0000000000005d50        0x8 zephyr/kernel/libkernel.a(mem_slab.c.obj)
 .z_init_PRE_KERNEL_130_0_
                0x0000000000005d58        0x8 zephyr/kernel/libkernel.a(kheap.c.obj)
 .z_init_PRE_KERNEL_140_00011_
                0x0000000000005d60        0x8 zephyr/drivers/gpio/libdrivers__gpio.a(gpio_nrfx.c.obj)
 .z_init_PRE_KERNEL_140_00081_
                0x0000000000005d68        0x8 zephyr/drivers/gpio/libdrivers__gpio.a(gpio_nrfx.c.obj)
 .z_init_PRE_KERNEL_140_0_
                0x0000000000005d70        0x8 modules/nrf/drivers/hw_cc3xx/lib..__nrf__drivers__hw_cc3xx.a(hw_cc3xx.c.obj)
 .z_init_PRE_KERNEL_150_00108_
                0x0000000000005d78        0x8 zephyr/drivers/serial/libdrivers__serial.a(uart_nrfx_uarte.c.obj)
 .z_init_PRE_KERNEL_160_0_
                0x0000000000005d80        0x8 zephyr/drivers/console/libdrivers__console.a(uart_console.c.obj)
                0x0000000000005d88                __init_PRE_KERNEL_2_start = .
 *(SORT_BY_NAME(SORT_BY_ALIGNMENT(.z_init_PRE_KERNEL_2?_*)))
 .z_init_PRE_KERNEL_20_0_
                0x0000000000005d88        0x8 zephyr/drivers/timer/libdrivers__timer.a(nrf_rtc_timer.c.obj)
 *(SORT_BY_NAME(SORT_BY_ALIGNMENT(.z_init_PRE_KERNEL_2??_*)))
                0x0000000000005d90                __init_POST_KERNEL_start = .
 *(SORT_BY_NAME(SORT_BY_ALIGNMENT(.z_init_POST_KERNEL?_*)))
 *(SORT_BY_NAME(SORT_BY_ALIGNMENT(.z_init_POST_KERNEL??_*)))
 .z_init_POST_KERNEL40_0_
                0x0000000000005d90        0x8 zephyr/lib/libc/common/liblib__libc__common.a(malloc.c.obj)
 .z_init_POST_KERNEL40_0_
                0x0000000000005d98        0x8 modules/nrf/drivers/hw_cc3xx/lib..__nrf__drivers__hw_cc3xx.a(hw_cc3xx.c.obj)
                0x0000000000005da0                __init_APPLICATION_start = .
 *(SORT_BY_NAME(SORT_BY_ALIGNMENT(.z_init_APPLICATION?_*)))
 *(SORT_BY_NAME(SORT_BY_ALIGNMENT(.z_init_APPLICATION??_*)))
                0x0000000000005da0                __init_SMP_start = .
 *(SORT_BY_NAME(SORT_BY_ALIGNMENT(.z_init_SMP?_*)))
 *(SORT_BY_NAME(SORT_BY_ALIGNMENT(.z_init_SMP??_*)))
                0x0000000000005da0                __init_end = .
                0x0000000000005da0                __deferred_init_list_start = .
 *(SORT_BY_ALIGNMENT(.z_deferred_init))
                0x0000000000005da0                __deferred_init_list_end = .

device_area     0x0000000000005da0       0x50
                0x0000000000005da0                _device_list_start = .
 *(SORT_BY_NAME(SORT_BY_ALIGNMENT(._device.static.*_?_*)))
 *(SORT_BY_NAME(SORT_BY_ALIGNMENT(._device.static.*_??_*)))
 ._device.static.1_30_
                0x0000000000005da0       0x14 zephyr/drivers/clock_control/libdrivers__clock_control.a(clock_control_nrf.c.obj)
                0x0000000000005da0                __device_dts_ord_70
 ._device.static.1_40_
                0x0000000000005db4       0x28 zephyr/drivers/gpio/libdrivers__gpio.a(gpio_nrfx.c.obj)
                0x0000000000005db4                __device_dts_ord_81
                0x0000000000005dc8                __device_dts_ord_11
 ._device.static.1_50_
                0x0000000000005ddc       0x14 zephyr/drivers/serial/libdrivers__serial.a(uart_nrfx_uarte.c.obj)
                0x0000000000005ddc                __device_dts_ord_108
                0x0000000000005df0                _device_list_end = .

sw_isr_table    0x0000000000005df0      0x180
                0x0000000000005df0                . = ALIGN (0x4)
 *(SORT_BY_ALIGNMENT(.gnu.linkonce.sw_isr_table*))
 .gnu.linkonce.sw_isr_table
                0x0000000000005df0      0x180 zephyr/arch/common/libisr_tables.a(isr_tables.c.obj)
                0x0000000000005df0                _sw_isr_table

initlevel_error
                0x0000000000005d38        0x0
 *(SORT_BY_NAME(SORT_BY_ALIGNMENT(.z_init_[_A-Z0-9]*)))
                0x0000000000000001                ASSERT ((SIZEOF (initlevel_error) == 0x0), Undefined initialization levels used.)

app_shmem_regions
                0x0000000000005f70        0x0
                0x0000000000005f70                __app_shmem_regions_start = .
 *(SORT_BY_NAME(SORT_BY_ALIGNMENT(.app_regions.*)))
                0x0000000000005f70                __app_shmem_regions_end = .

k_p4wq_initparam_area
                0x0000000000005f70        0x0
                0x0000000000005f70                _k_p4wq_initparam_list_start = .
 *(SORT_BY_NAME(SORT_BY_ALIGNMENT(._k_p4wq_initparam.static.*)))
                0x0000000000005f70                _k_p4wq_initparam_list_end = .

_static_thread_data_area
                0x0000000000005f70      0x120
                0x0000000000005f70                __static_thread_data_list_start = .
 *(SORT_BY_NAME(SORT_BY_ALIGNMENT(.__static_thread_data.static.*)))
 .__static_thread_data.static._k_thread_data_blink0_id_
                0x0000000000005f70       0x30 app/libapp.a(main.c.obj)
                0x0000000000005f70                _k_thread_data_blink0_id
 .__static_thread_data.static._k_thread_data_blink1_id_
                0x0000000000005fa0       0x30 app/libapp.a(main.c.obj)
                0x0000000000005fa0                _k_thread_data_blink1_id
 .__static_thread_data.static._k_thread_data_blink2_id_
                0x0000000000005fd0       0x30 app/libapp.a(main.c.obj)
                0x0000000000005fd0                _k_thread_data_blink2_id
 .__static_thread_data.static._k_thread_data_blink3_id_
                0x0000000000006000       0x30 app/libapp.a(main.c.obj)
                0x0000000000006000                _k_thread_data_blink3_id
 .__static_thread_data.static._k_thread_data_init_id_
                0x0000000000006030       0x30 app/libapp.a(main.c.obj)
                0x0000000000006030                _k_thread_data_init_id
 .__static_thread_data.static._k_thread_data_uart_out_id_
                0x0000000000006060       0x30 app/libapp.a(main.c.obj)
                0x0000000000006060                _k_thread_data_uart_out_id
                0x0000000000006090                __static_thread_data_list_end = .

device_deps     0x0000000000006090        0x0
                0x0000000000006090                __device_deps_start = .
 *(SORT_BY_NAME(SORT_BY_ALIGNMENT(.__device_deps_pass2*)))
                0x0000000000006090                __device_deps_end = .

ztest           0x0000000000006090        0x0
                0x0000000000006090                _ztest_expected_result_entry_list_start = .
 *(SORT_BY_NAME(SORT_BY_ALIGNMENT(._ztest_expected_result_entry.static.*)))
                0x0000000000006090                _ztest_expected_result_entry_list_end = .
                0x0000000000006090                _ztest_suite_node_list_start = .
 *(SORT_BY_NAME(SORT_BY_ALIGNMENT(._ztest_suite_node.static.*)))
                0x0000000000006090                _ztest_suite_node_list_end = .
                0x0000000000006090                _ztest_unit_test_list_start = .
 *(SORT_BY_NAME(SORT_BY_ALIGNMENT(._ztest_unit_test.static.*)))
                0x0000000000006090                _ztest_unit_test_list_end = .
                0x0000000000006090                _ztest_test_rule_list_start = .
 *(SORT_BY_NAME(SORT_BY_ALIGNMENT(._ztest_test_rule.static.*)))
                0x0000000000006090                _ztest_test_rule_list_end = .

bt_l2cap_fixed_chan_area
                0x0000000000006090        0x0
                0x0000000000006090                _bt_l2cap_fixed_chan_list_start = .
 *(SORT_BY_NAME(SORT_BY_ALIGNMENT(._bt_l2cap_fixed_chan.static.*)))
                0x0000000000006090                _bt_l2cap_fixed_chan_list_end = .

bt_gatt_service_static_area
                0x0000000000006090        0x0
                0x0000000000006090                _bt_gatt_service_static_list_start = .
 *(SORT_BY_NAME(SORT_BY_ALIGNMENT(._bt_gatt_service_static.static.*)))
                0x0000000000006090                _bt_gatt_service_static_list_end = .

log_strings_area
                0x0000000000006090        0x0
                0x0000000000006090                _log_strings_list_start = .
 *(SORT_BY_NAME(SORT_BY_ALIGNMENT(._log_strings.static.*)))
                0x0000000000006090                _log_strings_list_end = .

log_const_area  0x0000000000006090        0x0
                0x0000000000006090                _log_const_list_start = .
 *(SORT_BY_NAME(SORT_BY_ALIGNMENT(._log_const.static.*)))
                0x0000000000006090                _log_const_list_end = .

log_backend_area
                0x0000000000006090        0x0
                0x0000000000006090                _log_backend_list_start = .
 *(SORT_BY_NAME(SORT_BY_ALIGNMENT(._log_backend.static.*)))
                0x0000000000006090                _log_backend_list_end = .

log_link_area   0x0000000000006090        0x0
                0x0000000000006090                _log_link_list_start = .
 *(SORT_BY_NAME(SORT_BY_ALIGNMENT(._log_link.static.*)))
                0x0000000000006090                _log_link_list_end = .

tracing_backend_area
                0x0000000000006090        0x0
                0x0000000000006090                _tracing_backend_list_start = .
 *(SORT_BY_NAME(SORT_BY_ALIGNMENT(._tracing_backend.static.*)))
                0x0000000000006090                _tracing_backend_list_end = .

zephyr_dbg_info
 *(SORT_BY_ALIGNMENT(.dbg_thread_info))

symbol_to_keep  0x0000000000006090        0x0
                0x0000000000006090                __symbol_to_keep_start = .
 *(SORT_BY_NAME(SORT_BY_ALIGNMENT(.symbol_to_keep*)))
                0x0000000000006090                __symbol_to_keep_end = .

shell_area      0x0000000000006090        0x0
                0x0000000000006090                _shell_list_start = .
 *(SORT_BY_NAME(SORT_BY_ALIGNMENT(._shell.static.*)))
                0x0000000000006090                _shell_list_end = .

shell_root_cmds_area
                0x0000000000006090        0x0
                0x0000000000006090                _shell_root_cmds_list_start = .
 *(SORT_BY_NAME(SORT_BY_ALIGNMENT(._shell_root_cmds.static.*)))
                0x0000000000006090                _shell_root_cmds_list_end = .

shell_subcmds_area
                0x0000000000006090        0x0
                0x0000000000006090                _shell_subcmds_list_start = .
 *(SORT_BY_NAME(SORT_BY_ALIGNMENT(._shell_subcmds.static.*)))
                0x0000000000006090                _shell_subcmds_list_end = .

shell_dynamic_subcmds_area
                0x0000000000006090        0x0
                0x0000000000006090                _shell_dynamic_subcmds_list_start = .
 *(SORT_BY_NAME(SORT_BY_ALIGNMENT(._shell_dynamic_subcmds.static.*)))
                0x0000000000006090                _shell_dynamic_subcmds_list_end = .

cfb_font_area   0x0000000000006090        0x0
                0x0000000000006090                _cfb_font_list_start = .
 *(SORT_BY_NAME(SORT_BY_ALIGNMENT(._cfb_font.static.*)))
                0x0000000000006090                _cfb_font_list_end = .

tdata           0x0000000000006090        0x0
 *(SORT_BY_ALIGNMENT(.tdata) SORT_BY_ALIGNMENT(.tdata.*) SORT_BY_ALIGNMENT(.gnu.linkonce.td.*))

tbss            0x0000000000006090        0x4
 *(SORT_BY_ALIGNMENT(.tbss) SORT_BY_ALIGNMENT(.tbss.*) SORT_BY_ALIGNMENT(.gnu.linkonce.tb.*) SORT_BY_ALIGNMENT(.tcommon))
 .tbss.z_tls_current
                0x0000000000006090        0x4 zephyr/libzephyr.a(thread_entry.c.obj)
                0x0000000000006090                z_tls_current
                0x0000000000006090                PROVIDE (__tdata_start = LOADADDR (tdata))
                0x0000000000000001                PROVIDE (__tdata_align = ALIGNOF (tdata))
                0x0000000000000000                PROVIDE (__tdata_size = (((SIZEOF (tdata) + __tdata_align) - 0x1) & ~ ((__tdata_align - 0x1))))
                [!provide]                        PROVIDE (__tdata_end = (__tdata_start + __tdata_size))
                0x0000000000000004                PROVIDE (__tbss_align = ALIGNOF (tbss))
                [!provide]                        PROVIDE (__tbss_start = ADDR (tbss))
                0x0000000000000004                PROVIDE (__tbss_size = (((SIZEOF (tbss) + __tbss_align) - 0x1) & ~ ((__tbss_align - 0x1))))
                [!provide]                        PROVIDE (__tbss_end = (__tbss_start + __tbss_size))
                [!provide]                        PROVIDE (__tls_start = __tdata_start)
                [!provide]                        PROVIDE (__tls_end = __tbss_end)
                [!provide]                        PROVIDE (__tls_size = (__tbss_end - __tdata_start))

rodata          0x0000000000006090      0x3f8
 *(SORT_BY_ALIGNMENT(.rodata))
 *(SORT_BY_ALIGNMENT(.rodata.*))
 .rodata.delay_machine_code.0
                0x0000000000006090        0x6 zephyr/soc/soc/nrf52840/libsoc__nordic.a(soc.c.obj)
 *fill*         0x0000000000006096        0x2 
 .rodata.led3   0x0000000000006098        0xc app/libapp.a(main.c.obj)
 .rodata.led2   0x00000000000060a4        0xc app/libapp.a(main.c.obj)
 .rodata.led1   0x00000000000060b0        0xc app/libapp.a(main.c.obj)
 .rodata.led0   0x00000000000060bc        0xc app/libapp.a(main.c.obj)
 .rodata.mem_attr_region
                0x00000000000060c8        0x0 zephyr/libzephyr.a(mem_attr.c.obj)
 .rodata.apis   0x00000000000060c8        0x8 zephyr/libzephyr.a(nrf_cc3xx_platform_abort_zephyr.c.obj)
 .rodata.mutexes
                0x00000000000060d0       0x14 zephyr/libzephyr.a(nrf_cc3xx_platform_mutex_zephyr.c.obj)
 .rodata.mutex_apis
                0x00000000000060e4       0x10 zephyr/libzephyr.a(nrf_cc3xx_platform_mutex_zephyr.c.obj)
 .rodata.static_regions
                0x00000000000060f4        0xc zephyr/arch/arch/arm/core/mpu/libarch__arm__core__mpu.a(arm_core_mpu.c.obj)
 .rodata.mpu_config
                0x0000000000006100        0x8 zephyr/arch/arch/arm/core/mpu/libarch__arm__core__mpu.a(arm_mpu_regions.c.obj)
                0x0000000000006100                mpu_config
 .rodata.mpu_regions
                0x0000000000006108       0x18 zephyr/arch/arch/arm/core/mpu/libarch__arm__core__mpu.a(arm_mpu_regions.c.obj)
 .rodata.transitions.0
                0x0000000000006120        0xc zephyr/drivers/clock_control/libdrivers__clock_control.a(clock_control_nrf.c.obj)
 .rodata.config
                0x000000000000612c       0x10 zephyr/drivers/clock_control/libdrivers__clock_control.a(clock_control_nrf.c.obj)
 .rodata.clock_control_api
                0x000000000000613c       0x1c zephyr/drivers/clock_control/libdrivers__clock_control.a(clock_control_nrf.c.obj)
 .rodata.gpio_nrfx_p1_cfg
                0x0000000000006158       0x18 zephyr/drivers/gpio/libdrivers__gpio.a(gpio_nrfx.c.obj)
 .rodata.gpio_nrfx_p0_cfg
                0x0000000000006170       0x18 zephyr/drivers/gpio/libdrivers__gpio.a(gpio_nrfx.c.obj)
 .rodata.gpio_nrfx_drv_api_funcs
                0x0000000000006188       0x24 zephyr/drivers/gpio/libdrivers__gpio.a(gpio_nrfx.c.obj)
 .rodata.uarte_0z_config
                0x00000000000061ac       0x10 zephyr/drivers/serial/libdrivers__serial.a(uart_nrfx_uarte.c.obj)
 .rodata.__pinctrl_dev_config__device_dts_ord_108
                0x00000000000061bc        0xc zephyr/drivers/serial/libdrivers__serial.a(uart_nrfx_uarte.c.obj)
 .rodata.__pinctrl_states__device_dts_ord_108
                0x00000000000061c8        0x8 zephyr/drivers/serial/libdrivers__serial.a(uart_nrfx_uarte.c.obj)
 .rodata.__pinctrl_state_pins_0__device_dts_ord_108
                0x00000000000061d0       0x10 zephyr/drivers/serial/libdrivers__serial.a(uart_nrfx_uarte.c.obj)
 .rodata.uart_nrfx_uarte_driver_api
                0x00000000000061e0        0xc zephyr/drivers/serial/libdrivers__serial.a(uart_nrfx_uarte.c.obj)
 .rodata.levels.0
                0x00000000000061ec       0x18 zephyr/kernel/libkernel.a(init.c.obj)
 .rodata.CSWTCH.10
                0x0000000000006204       0x1c /home/ben/ncs/v2.7.0/nrfxlib/crypto/nrf_cc310_platform/lib/cortex-m4/soft-float/no-interrupts/libnrf_cc310_platform_0.9.19.a(nrf_cc3xx_platform.c.obj)
 .rodata.mutex_free.str1.4
                0x0000000000006220       0x26 /home/ben/ncs/v2.7.0/nrfxlib/crypto/nrf_cc310_platform/lib/cortex-m4/soft-float/no-interrupts/libnrf_cc310_platform_0.9.19.a(nrf_cc3xx_platform_mutex.c.obj)
 *fill*         0x0000000000006246        0x2 
 .rodata.mutex_init.str1.4
                0x0000000000006248       0x23 /home/ben/ncs/v2.7.0/nrfxlib/crypto/nrf_cc310_platform/lib/cortex-m4/soft-float/no-interrupts/libnrf_cc310_platform_0.9.19.a(nrf_cc3xx_platform_mutex.c.obj)
 *fill*         0x000000000000626b        0x1 
 .rodata.CC_PalPowerSaveModeInit.str1.4
                0x000000000000626c       0x20 /home/ben/ncs/v2.7.0/nrfxlib/crypto/nrf_cc310_platform/lib/cortex-m4/soft-float/no-interrupts/libnrf_cc310_platform_0.9.19.a(cc_pal_pm.c.obj)
 .rodata.uart_out.str1.1
                0x000000000000628c       0x1b app/libapp.a(main.c.obj)
 .rodata.init.str1.1
                0x00000000000062a7       0x50 app/libapp.a(main.c.obj)
 .rodata.str1.1
                0x00000000000062f7       0x3c app/libapp.a(main.c.obj)
 .rodata.boot_banner.str1.1
                0x0000000000006333       0x63 zephyr/libzephyr.a(banner.c.obj)
 .rodata.mutex_free_platform.str1.1
                0x0000000000006396       0x26 zephyr/libzephyr.a(nrf_cc3xx_platform_mutex_zephyr.c.obj)
 .rodata.mutex_init_platform.str1.1
                0x00000000000063bc       0x2d zephyr/libzephyr.a(nrf_cc3xx_platform_mutex_zephyr.c.obj)
 .rodata.str1.1
                0x00000000000063e9        0xf zephyr/arch/arch/arm/core/mpu/libarch__arm__core__mpu.a(arm_mpu_regions.c.obj)
 .rodata.str1.1
                0x00000000000063f8        0xf zephyr/drivers/clock_control/libdrivers__clock_control.a(clock_control_nrf.c.obj)
 .rodata.str1.1
                0x0000000000006407       0x1c zephyr/drivers/gpio/libdrivers__gpio.a(gpio_nrfx.c.obj)
 .rodata.drive_modes
                0x0000000000006423        0x8 zephyr/drivers/pinctrl/libdrivers__pinctrl.a(pinctrl_nrf.c.obj)
 .rodata.str1.1
                0x000000000000642b        0xe zephyr/drivers/serial/libdrivers__serial.a(uart_nrfx_uarte.c.obj)
 .rodata.CSWTCH.14
                0x0000000000006439        0x6 modules/hal_nordic/nrfx/libmodules__hal_nordic__nrfx.a(system_nrf52840.c.obj)
 .rodata.CSWTCH.5
                0x000000000000643f        0x6 modules/hal_nordic/nrfx/libmodules__hal_nordic__nrfx.a(system_nrf52840.c.obj)
 .rodata.port_offset.1
                0x0000000000006445       0x10 modules/hal_nordic/nrfx/libmodules__hal_nordic__nrfx.a(nrfx_gpiote.c.obj)
 .rodata.ports  0x0000000000006455        0x2 modules/hal_nordic/nrfx/libmodules__hal_nordic__nrfx.a(nrfx_gpiote.c.obj)
 .rodata._DoInit.str1.1
                0x0000000000006457        0x9 modules/segger/libmodules__segger.a(SEGGER_RTT.c.obj)
 .rodata._aInitStr.0
                0x0000000000006460       0x11 modules/segger/libmodules__segger.a(SEGGER_RTT.c.obj)
 .rodata.z_cstart.str1.1
                0x0000000000006471        0x5 zephyr/kernel/libkernel.a(init.c.obj)
 .rodata.__l_vfprintf.str1.1
                0x0000000000006476        0xf /home/ben/ncs/toolchains/e9dba88316/opt/zephyr-sdk/arm-zephyr-eabi/bin/../lib/gcc/../../picolibc/arm-zephyr-eabi/lib/thumb/v7e-m/nofp/libc.a(libc_tinystdio_vflprintf.c.o)
 *(SORT_BY_ALIGNMENT(.gnu.linkonce.r.*))
                0x0000000000006488                . = ALIGN (0x4)
 *fill*         0x0000000000006485        0x3 
                0x0000000000006488                __rodata_region_end = .
                0x00000000000064a0                . = ALIGN (_region_min_align)
                0x0000000000008000                . = ALIGN ((0x1 << LOG2CEIL ((__rodata_region_end - ADDR (rom_start)))))
                0x0000000000008000                __rom_region_end = ((__rom_region_start + .) - ADDR (rom_start))

/DISCARD/
 *(SORT_BY_ALIGNMENT(.got.plt))
 *(SORT_BY_ALIGNMENT(.igot.plt))
 *(SORT_BY_ALIGNMENT(.got))
 *(SORT_BY_ALIGNMENT(.igot))
                0x0000000020000000                . = 0x20000000
                0x0000000020000000                . = ALIGN (_region_min_align)
                0x0000000020000000                _image_ram_start = .

.ramfunc        0x0000000020000000        0x0 load address 0x0000000000006488
                0x0000000020000000                . = ALIGN (_region_min_align)
                0x0000000020000000                . = ALIGN ((0x1 << LOG2CEIL (__ramfunc_size)))
                0x0000000020000000                __ramfunc_start = .
 *(SORT_BY_ALIGNMENT(.ramfunc))
 *(SORT_BY_ALIGNMENT(.ramfunc.*))
                0x0000000020000000                . = ALIGN (_region_min_align)
                0x0000000020000000                . = ALIGN ((0x1 << LOG2CEIL (__ramfunc_size)))
                0x0000000020000000                __ramfunc_end = .
                0x0000000000000000                __ramfunc_size = (__ramfunc_end - __ramfunc_start)
                0x0000000000006488                __ramfunc_load_start = LOADADDR (.ramfunc)

datas           0x0000000020000000      0x140 load address 0x0000000000006488
                0x0000000020000000                __data_region_start = .
                0x0000000020000000                __data_start = .
 *(SORT_BY_ALIGNMENT(.data))
 *(SORT_BY_ALIGNMENT(.data.*))
 .data._char_out
                0x0000000020000000        0x4 zephyr/libzephyr.a(printk.c.obj)
                0x0000000020000000                _char_out
 .data.power_mutex
                0x0000000020000004        0x8 zephyr/libzephyr.a(nrf_cc3xx_platform_mutex_zephyr.c.obj)
 .data.rng_mutex
                0x000000002000000c        0x8 zephyr/libzephyr.a(nrf_cc3xx_platform_mutex_zephyr.c.obj)
 .data.asym_mutex
                0x0000000020000014        0x8 zephyr/libzephyr.a(nrf_cc3xx_platform_mutex_zephyr.c.obj)
 .data.sym_mutex
                0x000000002000001c        0x8 zephyr/libzephyr.a(nrf_cc3xx_platform_mutex_zephyr.c.obj)
 .data.__stdout
                0x0000000020000024       0x10 zephyr/lib/libc/picolibc/liblib__libc__picolibc.a(libc-hooks.c.obj)
 .data.uarte_0_data
                0x0000000020000034       0x1c zephyr/drivers/serial/libdrivers__serial.a(uart_nrfx_uarte.c.obj)
 .data.m_cb     0x0000000020000050       0x84 modules/hal_nordic/nrfx/libmodules__hal_nordic__nrfx.a(nrfx_gpiote.c.obj)
 .data.m_channels_allocated
                0x00000000200000d4        0x4 modules/hal_nordic/nrfx/libmodules__hal_nordic__nrfx.a(nrfx_ppi.c.obj)
 .data.timeout_list
                0x00000000200000d8        0x8 zephyr/kernel/libkernel.a(timeout.c.obj)
 .data.platform_abort_apis
                0x00000000200000e0        0x8 /home/ben/ncs/v2.7.0/nrfxlib/crypto/nrf_cc310_platform/lib/cortex-m4/soft-float/no-interrupts/libnrf_cc310_platform_0.9.19.a(nrf_cc3xx_platform_abort.c.obj)
                0x00000000200000e0                platform_abort_apis
 .data.platform_mutexes
                0x00000000200000e8       0x14 /home/ben/ncs/v2.7.0/nrfxlib/crypto/nrf_cc310_platform/lib/cortex-m4/soft-float/no-interrupts/libnrf_cc310_platform_0.9.19.a(nrf_cc3xx_platform_mutex.c.obj)
                0x00000000200000e8                platform_mutexes
 .data.platform_mutex_apis
                0x00000000200000fc       0x10 /home/ben/ncs/v2.7.0/nrfxlib/crypto/nrf_cc310_platform/lib/cortex-m4/soft-float/no-interrupts/libnrf_cc310_platform_0.9.19.a(nrf_cc3xx_platform_mutex.c.obj)
                0x00000000200000fc                platform_mutex_apis
 .data.power_mutex
                0x000000002000010c        0x8 /home/ben/ncs/v2.7.0/nrfxlib/crypto/nrf_cc310_platform/lib/cortex-m4/soft-float/no-interrupts/libnrf_cc310_platform_0.9.19.a(nrf_cc3xx_platform_mutex.c.obj)
 .data.rng_mutex
                0x0000000020000114        0x8 /home/ben/ncs/v2.7.0/nrfxlib/crypto/nrf_cc310_platform/lib/cortex-m4/soft-float/no-interrupts/libnrf_cc310_platform_0.9.19.a(nrf_cc3xx_platform_mutex.c.obj)
 .data.asym_mutex
                0x000000002000011c        0x8 /home/ben/ncs/v2.7.0/nrfxlib/crypto/nrf_cc310_platform/lib/cortex-m4/soft-float/no-interrupts/libnrf_cc310_platform_0.9.19.a(nrf_cc3xx_platform_mutex.c.obj)
 .data.sym_mutex
                0x0000000020000124        0x8 /home/ben/ncs/v2.7.0/nrfxlib/crypto/nrf_cc310_platform/lib/cortex-m4/soft-float/no-interrupts/libnrf_cc310_platform_0.9.19.a(nrf_cc3xx_platform_mutex.c.obj)
 .data.pCCRndCryptoMutex
                0x000000002000012c        0x4 /home/ben/ncs/v2.7.0/nrfxlib/crypto/nrf_cc310_platform/lib/cortex-m4/soft-float/no-interrupts/libnrf_cc310_platform_0.9.19.a(cc_pal.c.obj)
                0x000000002000012c                pCCRndCryptoMutex
 .data.CCPowerMutex
                0x0000000020000130        0x4 /home/ben/ncs/v2.7.0/nrfxlib/crypto/nrf_cc310_platform/lib/cortex-m4/soft-float/no-interrupts/libnrf_cc310_platform_0.9.19.a(cc_pal.c.obj)
                0x0000000020000130                CCPowerMutex
 .data.CCRndCryptoMutex
                0x0000000020000134        0x4 /home/ben/ncs/v2.7.0/nrfxlib/crypto/nrf_cc310_platform/lib/cortex-m4/soft-float/no-interrupts/libnrf_cc310_platform_0.9.19.a(cc_pal.c.obj)
                0x0000000020000134                CCRndCryptoMutex
 .data.CCAsymCryptoMutex
                0x0000000020000138        0x4 /home/ben/ncs/v2.7.0/nrfxlib/crypto/nrf_cc310_platform/lib/cortex-m4/soft-float/no-interrupts/libnrf_cc310_platform_0.9.19.a(cc_pal.c.obj)
                0x0000000020000138                CCAsymCryptoMutex
 .data.CCSymCryptoMutex
                0x000000002000013c        0x4 /home/ben/ncs/v2.7.0/nrfxlib/crypto/nrf_cc310_platform/lib/cortex-m4/soft-float/no-interrupts/libnrf_cc310_platform_0.9.19.a(cc_pal.c.obj)
                0x000000002000013c                CCSymCryptoMutex
 *(SORT_BY_ALIGNMENT(.kernel.*))
                0x0000000020000140                __data_end = .
                0x0000000000000140                __data_size = (__data_end - __data_start)
                0x0000000000006488                __data_load_start = LOADADDR (datas)
                0x0000000000006488                __data_region_load_start = LOADADDR (datas)

device_states   0x0000000020000140        0x8 load address 0x00000000000065c8
                0x0000000020000140                __device_states_start = .
 *(SORT_BY_ALIGNMENT(.z_devstate))
 .z_devstate    0x0000000020000140        0x2 zephyr/drivers/clock_control/libdrivers__clock_control.a(clock_control_nrf.c.obj)
 .z_devstate    0x0000000020000142        0x4 zephyr/drivers/gpio/libdrivers__gpio.a(gpio_nrfx.c.obj)
 .z_devstate    0x0000000020000146        0x2 zephyr/drivers/serial/libdrivers__serial.a(uart_nrfx_uarte.c.obj)
 *(SORT_BY_ALIGNMENT(.z_devstate.*))
                0x0000000020000148                __device_states_end = .

log_mpsc_pbuf_area
                0x0000000020000148        0x0 load address 0x00000000000065d0
                0x0000000020000148                _log_mpsc_pbuf_list_start = .
 *(SORT_BY_NAME(SORT_BY_ALIGNMENT(._log_mpsc_pbuf.static.*)))
                0x0000000020000148                _log_mpsc_pbuf_list_end = .

log_msg_ptr_area
                0x0000000020000148        0x0 load address 0x00000000000065d0
                0x0000000020000148                _log_msg_ptr_list_start = .
 *(SORT_BY_NAME(SORT_BY_ALIGNMENT(._log_msg_ptr.static.*)))
                0x0000000020000148                _log_msg_ptr_list_end = .

log_dynamic_area
                0x0000000020000148        0x0 load address 0x00000000000065d0
                0x0000000020000148                _log_dynamic_list_start = .
 *(SORT_BY_NAME(SORT_BY_ALIGNMENT(._log_dynamic.static.*)))
                0x0000000020000148                _log_dynamic_list_end = .

k_timer_area    0x0000000020000148        0x0 load address 0x00000000000065d0
                0x0000000020000148                _k_timer_list_start = .
 *(SORT_BY_NAME(SORT_BY_ALIGNMENT(._k_timer.static.*)))
                0x0000000020000148                _k_timer_list_end = .

k_mem_slab_area
                0x0000000020000148        0x0 load address 0x00000000000065d0
                0x0000000020000148                _k_mem_slab_list_start = .
 *(SORT_BY_NAME(SORT_BY_ALIGNMENT(._k_mem_slab.static.*)))
                0x0000000020000148                _k_mem_slab_list_end = .

k_heap_area     0x0000000020000148       0x14 load address 0x00000000000065d0
                0x0000000020000148                _k_heap_list_start = .
 *(SORT_BY_NAME(SORT_BY_ALIGNMENT(._k_heap.static.*)))
 ._k_heap.static._system_heap_
                0x0000000020000148       0x14 zephyr/kernel/libkernel.a(mempool.c.obj)
                0x0000000020000148                _system_heap
                0x000000002000015c                _k_heap_list_end = .

k_mutex_area    0x000000002000015c       0x50 load address 0x00000000000065e4
                0x000000002000015c                _k_mutex_list_start = .
 *(SORT_BY_NAME(SORT_BY_ALIGNMENT(._k_mutex.static.*)))
 ._k_mutex.static.asym_mutex_int_
                0x000000002000015c       0x14 zephyr/libzephyr.a(nrf_cc3xx_platform_mutex_zephyr.c.obj)
                0x000000002000015c                asym_mutex_int
 ._k_mutex.static.power_mutex_int_
                0x0000000020000170       0x14 zephyr/libzephyr.a(nrf_cc3xx_platform_mutex_zephyr.c.obj)
                0x0000000020000170                power_mutex_int
 ._k_mutex.static.rng_mutex_int_
                0x0000000020000184       0x14 zephyr/libzephyr.a(nrf_cc3xx_platform_mutex_zephyr.c.obj)
                0x0000000020000184                rng_mutex_int
 ._k_mutex.static.sym_mutex_int_
                0x0000000020000198       0x14 zephyr/libzephyr.a(nrf_cc3xx_platform_mutex_zephyr.c.obj)
                0x0000000020000198                sym_mutex_int
                0x00000000200001ac                _k_mutex_list_end = .

k_stack_area    0x00000000200001ac        0x0 load address 0x0000000000006634
                0x00000000200001ac                _k_stack_list_start = .
 *(SORT_BY_NAME(SORT_BY_ALIGNMENT(._k_stack.static.*)))
                0x00000000200001ac                _k_stack_list_end = .

k_msgq_area     0x00000000200001ac        0x0 load address 0x0000000000006634
                0x00000000200001ac                _k_msgq_list_start = .
 *(SORT_BY_NAME(SORT_BY_ALIGNMENT(._k_msgq.static.*)))
                0x00000000200001ac                _k_msgq_list_end = .

k_mbox_area     0x00000000200001ac        0x0 load address 0x0000000000006634
                0x00000000200001ac                _k_mbox_list_start = .
 *(SORT_BY_NAME(SORT_BY_ALIGNMENT(._k_mbox.static.*)))
                0x00000000200001ac                _k_mbox_list_end = .

k_pipe_area     0x00000000200001ac        0x0 load address 0x0000000000006634
                0x00000000200001ac                _k_pipe_list_start = .
 *(SORT_BY_NAME(SORT_BY_ALIGNMENT(._k_pipe.static.*)))
                0x00000000200001ac                _k_pipe_list_end = .

k_sem_area      0x00000000200001ac        0x0 load address 0x0000000000006634
                0x00000000200001ac                _k_sem_list_start = .
 *(SORT_BY_NAME(SORT_BY_ALIGNMENT(._k_sem.static.*)))
                0x00000000200001ac                _k_sem_list_end = .

k_event_area    0x00000000200001ac        0xc load address 0x0000000000006634
                0x00000000200001ac                _k_event_list_start = .